Archive member included because of file (symbol)

/tmp/arduino-core-cache/core_stm32duino_STM32F1_genericSTM32F103C_5a4dbace9beb809c21e95eded92a94f6.a(exc.S.o)
                              (__exc_nmi)
/tmp/arduino-core-cache/core_stm32duino_STM32F1_genericSTM32F103C_5a4dbace9beb809c21e95eded92a94f6.a(isrs.S.o)
                              (__stm32reservedexception7)
/tmp/arduino-core-cache/core_stm32duino_STM32F1_genericSTM32F103C_5a4dbace9beb809c21e95eded92a94f6.a(vector_table.S.o)
                              (__stm32_vector_table)
/tmp/arduino-core-cache/core_stm32duino_STM32F1_genericSTM32F103C_5a4dbace9beb809c21e95eded92a94f6.a(adc.c.o)
                              /tmp/arduino-sketch-6AC42481E0857626CB9E754AEFD78DE7/core/wirish/boards.cpp.o (adc_set_sample_rate)
/tmp/arduino-core-cache/core_stm32duino_STM32F1_genericSTM32F103C_5a4dbace9beb809c21e95eded92a94f6.a(adc_f1.c.o)
                              (__irq_adc)
/tmp/arduino-core-cache/core_stm32duino_STM32F1_genericSTM32F103C_5a4dbace9beb809c21e95eded92a94f6.a(dma_f1.c.o)
                              (__irq_dma1_channel1)
/tmp/arduino-core-cache/core_stm32duino_STM32F1_genericSTM32F103C_5a4dbace9beb809c21e95eded92a94f6.a(exti.c.o)
                              (__irq_exti0)
/tmp/arduino-core-cache/core_stm32duino_STM32F1_genericSTM32F103C_5a4dbace9beb809c21e95eded92a94f6.a(exti_f1.c.o)
                              /tmp/arduino-core-cache/core_stm32duino_STM32F1_genericSTM32F103C_5a4dbace9beb809c21e95eded92a94f6.a(exti.c.o) (exti_select)
/tmp/arduino-core-cache/core_stm32duino_STM32F1_genericSTM32F103C_5a4dbace9beb809c21e95eded92a94f6.a(flash.c.o)
                              /tmp/arduino-sketch-6AC42481E0857626CB9E754AEFD78DE7/core/wirish/boards.cpp.o (flash_set_latency)
/tmp/arduino-core-cache/core_stm32duino_STM32F1_genericSTM32F103C_5a4dbace9beb809c21e95eded92a94f6.a(gpio_f1.c.o)
                              /tmp/arduino-sketch-6AC42481E0857626CB9E754AEFD78DE7/core/wirish/boards_setup.cpp.o (gpio_init_all)
/tmp/arduino-core-cache/core_stm32duino_STM32F1_genericSTM32F103C_5a4dbace9beb809c21e95eded92a94f6.a(i2c_f1.c.o)
                              (__irq_i2c1_ev)
/tmp/arduino-core-cache/core_stm32duino_STM32F1_genericSTM32F103C_5a4dbace9beb809c21e95eded92a94f6.a(nvic.c.o)
                              /tmp/arduino-core-cache/core_stm32duino_STM32F1_genericSTM32F103C_5a4dbace9beb809c21e95eded92a94f6.a(i2c_f1.c.o) (nvic_irq_set_priority)
/tmp/arduino-core-cache/core_stm32duino_STM32F1_genericSTM32F103C_5a4dbace9beb809c21e95eded92a94f6.a(rcc.c.o)
                              /tmp/arduino-sketch-6AC42481E0857626CB9E754AEFD78DE7/core/wirish/boards.cpp.o (rcc_switch_sysclk)
/tmp/arduino-core-cache/core_stm32duino_STM32F1_genericSTM32F103C_5a4dbace9beb809c21e95eded92a94f6.a(rcc_f1.c.o)
                              /tmp/arduino-sketch-6AC42481E0857626CB9E754AEFD78DE7/core/wirish/boards.cpp.o (rcc_configure_pll)
/tmp/arduino-core-cache/core_stm32duino_STM32F1_genericSTM32F103C_5a4dbace9beb809c21e95eded92a94f6.a(systick.c.o)
                              /tmp/arduino-sketch-6AC42481E0857626CB9E754AEFD78DE7/core/wirish/boards.cpp.o (systick_init)
/tmp/arduino-core-cache/core_stm32duino_STM32F1_genericSTM32F103C_5a4dbace9beb809c21e95eded92a94f6.a(timer.c.o)
                              /tmp/arduino-sketch-6AC42481E0857626CB9E754AEFD78DE7/core/wirish/boards.cpp.o (timer_foreach)
/tmp/arduino-core-cache/core_stm32duino_STM32F1_genericSTM32F103C_5a4dbace9beb809c21e95eded92a94f6.a(usart_f1.c.o)
                              (__irq_usart1)
/tmp/arduino-core-cache/core_stm32duino_STM32F1_genericSTM32F103C_5a4dbace9beb809c21e95eded92a94f6.a(usart_private.c.o)
                              /tmp/arduino-core-cache/core_stm32duino_STM32F1_genericSTM32F103C_5a4dbace9beb809c21e95eded92a94f6.a(usart_f1.c.o) (_usart_clock_freq)
/tmp/arduino-core-cache/core_stm32duino_STM32F1_genericSTM32F103C_5a4dbace9beb809c21e95eded92a94f6.a(usb.c.o)
                              (__irq_usb_lp_can_rx0)
/tmp/arduino-core-cache/core_stm32duino_STM32F1_genericSTM32F103C_5a4dbace9beb809c21e95eded92a94f6.a(usb_cdcacm.c.o)
                              /tmp/arduino-core-cache/core_stm32duino_STM32F1_genericSTM32F103C_5a4dbace9beb809c21e95eded92a94f6.a(usb.c.o) (User_Standard_Requests)
/tmp/arduino-core-cache/core_stm32duino_STM32F1_genericSTM32F103C_5a4dbace9beb809c21e95eded92a94f6.a(usb_reg_map.c.o)
                              /tmp/arduino-core-cache/core_stm32duino_STM32F1_genericSTM32F103C_5a4dbace9beb809c21e95eded92a94f6.a(usb_cdcacm.c.o) (usb_set_ep_rx_count)
/tmp/arduino-core-cache/core_stm32duino_STM32F1_genericSTM32F103C_5a4dbace9beb809c21e95eded92a94f6.a(usb_core.c.o)
                              /tmp/arduino-core-cache/core_stm32duino_STM32F1_genericSTM32F103C_5a4dbace9beb809c21e95eded92a94f6.a(usb_cdcacm.c.o) (Standard_GetDescriptorData)
/tmp/arduino-core-cache/core_stm32duino_STM32F1_genericSTM32F103C_5a4dbace9beb809c21e95eded92a94f6.a(usb_init.c.o)
[...]
Memory Configuration

Name             Origin             Length             Attributes
ram              0x0000000020000000 0x0000000000005000 xrw
rom              0x0000000008002000 0x000000000001e000 xr
*default*        0x0000000000000000 0xffffffffffffffff

Linker script and memory map

LOAD /home/carlosrodrigues/.arduino15/packages/arduino/tools/arm-none-eabi-gcc/4.8.3-2014q1/bin/../lib/gcc/arm-none-eabi/4.8.3/armv7-m/crti.o
LOAD /home/carlosrodrigues/.arduino15/packages/arduino/tools/arm-none-eabi-gcc/4.8.3-2014q1/bin/../lib/gcc/arm-none-eabi/4.8.3/armv7-m/crtbegin.o
LOAD /home/carlosrodrigues/.arduino15/packages/arduino/tools/arm-none-eabi-gcc/4.8.3-2014q1/bin/../lib/gcc/arm-none-eabi/4.8.3/../../../../arm-none-eabi/lib/armv7-m/crt0.o
LOAD /home/carlosrodrigues/.arduino15/packages/arduino/tools/arm-none-eabi-gcc/4.8.3-2014q1/bin/../lib/gcc/arm-none-eabi/4.8.3/armv7-m/libgcc.a
START GROUP
LOAD /tmp/arduino-sketch-6AC42481E0857626CB9E754AEFD78DE7/sketch/gamepad.cpp.o
LOAD /tmp/arduino-sketch-6AC42481E0857626CB9E754AEFD78DE7/sketch/stm32-remote-control-car.ino.cpp.o
LOAD /tmp/arduino-sketch-6AC42481E0857626CB9E754AEFD78DE7/libraries/JLed/esp32_hal.cpp.o
LOAD /tmp/arduino-sketch-6AC42481E0857626CB9E754AEFD78DE7/libraries/JLed/jled_base.cpp.o
LOAD /tmp/arduino-sketch-6AC42481E0857626CB9E754AEFD78DE7/core/wirish/start.S.o
LOAD /tmp/arduino-sketch-6AC42481E0857626CB9E754AEFD78DE7/core/wirish/start_c.c.o
LOAD /tmp/arduino-sketch-6AC42481E0857626CB9E754AEFD78DE7/core/wirish/syscalls.c.o
LOAD /tmp/arduino-sketch-6AC42481E0857626CB9E754AEFD78DE7/core/board.cpp.o
LOAD /tmp/arduino-sketch-6AC42481E0857626CB9E754AEFD78DE7/core/wirish/boards.cpp.o
LOAD /tmp/arduino-sketch-6AC42481E0857626CB9E754AEFD78DE7/core/wirish/boards_setup.cpp.o
LOAD /tmp/arduino-core-cache/core_stm32duino_STM32F1_genericSTM32F103C_5a4dbace9beb809c21e95eded92a94f6.a
END GROUP
LOAD /home/carlosrodrigues/.arduino15/packages/arduino/tools/arm-none-eabi-gcc/4.8.3-2014q1/bin/../lib/gcc/arm-none-eabi/4.8.3/../../../../arm-none-eabi/lib/armv7-m/libstdc++_s.a
LOAD /home/carlosrodrigues/.arduino15/packages/arduino/tools/arm-none-eabi-gcc/4.8.3-2014q1/bin/../lib/gcc/arm-none-eabi/4.8.3/../../../../arm-none-eabi/lib/armv7-m/libm.a
START GROUP
LOAD /home/carlosrodrigues/.arduino15/packages/arduino/tools/arm-none-eabi-gcc/4.8.3-2014q1/bin/../lib/gcc/arm-none-eabi/4.8.3/armv7-m/libgcc.a
LOAD /home/carlosrodrigues/.arduino15/packages/arduino/tools/arm-none-eabi-gcc/4.8.3-2014q1/bin/../lib/gcc/arm-none-eabi/4.8.3/../../../../arm-none-eabi/lib/armv7-m/libc_s.a
END GROUP
START GROUP
LOAD /home/carlosrodrigues/.arduino15/packages/arduino/tools/arm-none-eabi-gcc/4.8.3-2014q1/bin/../lib/gcc/arm-none-eabi/4.8.3/armv7-m/libgcc.a
LOAD /home/carlosrodrigues/.arduino15/packages/arduino/tools/arm-none-eabi-gcc/4.8.3-2014q1/bin/../lib/gcc/arm-none-eabi/4.8.3/../../../../arm-none-eabi/lib/armv7-m/libc_s.a
END GROUP
LOAD /home/carlosrodrigues/.arduino15/packages/arduino/tools/arm-none-eabi-gcc/4.8.3-2014q1/bin/../lib/gcc/arm-none-eabi/4.8.3/armv7-m/crtend.o
LOAD /home/carlosrodrigues/.arduino15/packages/arduino/tools/arm-none-eabi-gcc/4.8.3-2014q1/bin/../lib/gcc/arm-none-eabi/4.8.3/armv7-m/crtn.o
START GROUP
LOAD /home/carlosrodrigues/.arduino15/packages/arduino/tools/arm-none-eabi-gcc/4.8.3-2014q1/bin/../lib/gcc/arm-none-eabi/4.8.3/armv7-m/libgcc.a
LOAD /home/carlosrodrigues/.arduino15/packages/arduino/tools/arm-none-eabi-gcc/4.8.3-2014q1/bin/../lib/gcc/arm-none-eabi/4.8.3/../../../../arm-none-eabi/lib/armv7-m/libc.a
LOAD /home/carlosrodrigues/.arduino15/packages/arduino/tools/arm-none-eabi-gcc/4.8.3-2014q1/bin/../lib/gcc/arm-none-eabi/4.8.3/../../../../arm-none-eabi/lib/armv7-m/libm.a
END GROUP
START GROUP
LOAD /home/carlosrodrigues/.arduino15/packages/arduino/tools/arm-none-eabi-gcc/4.8.3-2014q1/bin/../lib/gcc/arm-none-eabi/4.8.3/../../../../arm-none-eabi/lib/armv7-m/libnosys.a
END GROUP
                0x0000000020005000                PROVIDE (__msp_init, (ORIGIN (ram) + 0x5000))
                0x00000000080025c4                PROVIDE (__exc_reset, __start__)

.text           0x0000000008002000     0x3424
                0x0000000008002000                __text_start__ = .
 *(.stm32.interrupt_vector)
 .stm32.interrupt_vector
                0x0000000008002000       0xec /tmp/arduino-core-cache/core_stm32duino_STM32F1_genericSTM32F103C_5a4dbace9beb809c21e95eded92a94f6.a(vector_table.S.o)
                0x0000000008002000                __stm32_vector_table
 *(.text .text.* .gnu.linkonce.t.*)
 .text          0x00000000080020ec       0x54 /home/carlosrodrigues/.arduino15/packages/arduino/tools/arm-none-eabi-gcc/4.8.3-2014q1/bin/../lib/gcc/arm-none-eabi/4.8.3/armv7-m/crtbegin.o
 .text._ZNK4jled26BreatheBrightnessEvaluator5cloneEPv
                0x0000000008002140       0x10 /tmp/arduino-sketch-6AC42481E0857626CB9E754AEFD78DE7/sketch/stm32-remote-control-car.ino.cpp.o
                0x0000000008002140                jled::BreatheBrightnessEvaluator::clone(void*) const
 .text._ZNK4jled26BreatheBrightnessEvaluator6PeriodEv
                0x0000000008002150        0x4 /tmp/arduino-sketch-6AC42481E0857626CB9E754AEFD78DE7/sketch/stm32-remote-control-car.ino.cpp.o
                0x0000000008002150                jled::BreatheBrightnessEvaluator::Period() const
 .text._ZNK4jled26BreatheBrightnessEvaluator4EvalEm
                0x0000000008002154       0x20 /tmp/arduino-sketch-6AC42481E0857626CB9E754AEFD78DE7/sketch/stm32-remote-control-car.ino.cpp.o
                0x0000000008002154                jled::BreatheBrightnessEvaluator::Eval(unsigned long) const
 .text._ZN7Gamepad7readIntEi
                0x0000000008002174       0x48 /tmp/arduino-sketch-6AC42481E0857626CB9E754AEFD78DE7/sketch/stm32-remote-control-car.ino.cpp.o
                0x0000000008002174                Gamepad::readInt(int)
 .text._ZN7Gamepad6updateEv
                0x00000000080021bc       0xd8 /tmp/arduino-sketch-6AC42481E0857626CB9E754AEFD78DE7/sketch/stm32-remote-control-car.ino.cpp.o
                0x00000000080021bc                Gamepad::update()
 .text._Z5setupv
                0x0000000008002294       0x40 /tmp/arduino-sketch-6AC42481E0857626CB9E754AEFD78DE7/sketch/stm32-remote-control-car.ino.cpp.o
                0x0000000008002294                setup()
 .text._Z11updateStatev
                0x00000000080022d4       0x1c /tmp/arduino-sketch-6AC42481E0857626CB9E754AEFD78DE7/sketch/stm32-remote-control-car.ino.cpp.o
                0x00000000080022d4                updateState()
 .text._ZN4jled5TJLedINS_10ArduinoHalENS_4JLedEEaSERKS3_
                0x00000000080022f0       0x58 /tmp/arduino-sketch-6AC42481E0857626CB9E754AEFD78DE7/sketch/stm32-remote-control-car.ino.cpp.o
                0x00000000080022f0                jled::TJLed<jled::ArduinoHal, jled::JLed>::operator=(jled::TJLed<jled::ArduinoHal, jled::JLed> const&)
 .text._ZN4jled5TJLedINS_10ArduinoHalENS_4JLedEE5WriteEh
                0x0000000008002348       0x34 /tmp/arduino-sketch-6AC42481E0857626CB9E754AEFD78DE7/sketch/stm32-remote-control-car.ino.cpp.o
                0x0000000008002348                jled::TJLed<jled::ArduinoHal, jled::JLed>::Write(unsigned char)
 .text._ZN4jled5TJLedINS_10ArduinoHalENS_4JLedEE6UpdateEm
                0x000000000800237c       0xb8 /tmp/arduino-sketch-6AC42481E0857626CB9E754AEFD78DE7/sketch/stm32-remote-control-car.ino.cpp.o
                0x000000000800237c                jled::TJLed<jled::ArduinoHal, jled::JLed>::Update(unsigned long)
 .text._Z4loopv
                0x0000000008002434       0x54 /tmp/arduino-sketch-6AC42481E0857626CB9E754AEFD78DE7/sketch/stm32-remote-control-car.ino.cpp.o
                0x0000000008002434                loop()
 .text.startup._GLOBAL__sub_I_gamepad
                0x0000000008002488      0x100 /tmp/arduino-sketch-6AC42481E0857626CB9E754AEFD78DE7/sketch/stm32-remote-control-car.ino.cpp.o
 .text._ZN4jled11fadeon_funcEmt
                0x0000000008002588       0x30 /tmp/arduino-sketch-6AC42481E0857626CB9E754AEFD78DE7/libraries/JLed/jled_base.cpp.o
                0x0000000008002588                jled::fadeon_func(unsigned long, unsigned short)
 .text._ZN4jled6scale5Ehh
                0x00000000080025b8        0xc /tmp/arduino-sketch-6AC42481E0857626CB9E754AEFD78DE7/libraries/JLed/jled_base.cpp.o
                0x00000000080025b8                jled::scale5(unsigned char, unsigned char)
 .text          0x00000000080025c4       0x10 /tmp/arduino-sketch-6AC42481E0857626CB9E754AEFD78DE7/core/wirish/start.S.o
                0x00000000080025c4                __start__
 .text.start_c  0x00000000080025d4       0x58 /tmp/arduino-sketch-6AC42481E0857626CB9E754AEFD78DE7/core/wirish/start_c.c.o
                0x00000000080025d4                start_c
 .text._sbrk    0x000000000800262c       0x44 /tmp/arduino-sketch-6AC42481E0857626CB9E754AEFD78DE7/core/wirish/syscalls.c.o
                0x000000000800262c                _sbrk
 .text._Z9boardInitv
                0x0000000008002670        0x4 /tmp/arduino-sketch-6AC42481E0857626CB9E754AEFD78DE7/core/board.cpp.o
                0x0000000008002670                boardInit()
 .text.startup._GLOBAL__sub_I__Z9boardInitv
                0x0000000008002674       0x48 /tmp/arduino-sketch-6AC42481E0857626CB9E754AEFD78DE7/core/board.cpp.o
 .text._ZL18adc_default_configP7adc_dev
                0x00000000080026bc       0x1c /tmp/arduino-sketch-6AC42481E0857626CB9E754AEFD78DE7/core/wirish/boards.cpp.o
 .text._ZL20timer_default_configP9timer_dev
                0x00000000080026d8       0x9e /tmp/arduino-sketch-6AC42481E0857626CB9E754AEFD78DE7/core/wirish/boards.cpp.o
 *fill*         0x0000000008002776        0x2 
 .text._Z4initv
                0x0000000008002778       0xbc /tmp/arduino-sketch-6AC42481E0857626CB9E754AEFD78DE7/core/wirish/boards.cpp.o
                0x0000000008002778                init()
 .text._ZN6wirish4priv15board_reset_pllEv
                0x0000000008002834        0x2 /tmp/arduino-sketch-6AC42481E0857626CB9E754AEFD78DE7/core/wirish/boards_setup.cpp.o
                0x0000000008002834                wirish::priv::board_reset_pll()
 .text._ZN6wirish4priv28board_setup_clock_prescalersEv
                0x0000000008002836       0x2e /tmp/arduino-sketch-6AC42481E0857626CB9E754AEFD78DE7/core/wirish/boards_setup.cpp.o
                0x0000000008002836                wirish::priv::board_setup_clock_prescalers()
 .text._ZN6wirish4priv16board_setup_gpioEv
                0x0000000008002864        0x4 /tmp/arduino-sketch-6AC42481E0857626CB9E754AEFD78DE7/core/wirish/boards_setup.cpp.o
                0x0000000008002864                wirish::priv::board_setup_gpio()
 .text._ZN6wirish4priv15board_setup_usbEv
                0x0000000008002868       0x54 /tmp/arduino-sketch-6AC42481E0857626CB9E754AEFD78DE7/core/wirish/boards_setup.cpp.o
                0x0000000008002868                wirish::priv::board_setup_usb()
 .text._ZN6wirish4priv11series_initEv
                0x00000000080028bc        0x4 /tmp/arduino-sketch-6AC42481E0857626CB9E754AEFD78DE7/core/wirish/boards_setup.cpp.o
                0x00000000080028bc                wirish::priv::series_init()
 .text          0x00000000080028c0       0x60 /tmp/arduino-core-cache/core_stm32duino_STM32F1_genericSTM32F103C_5a4dbace9beb809c21e95eded92a94f6.a(exc.S.o)
                0x00000000080028c0                __exc_nmi
                0x00000000080028c4                __exc_hardfault
                0x00000000080028c8                __exc_memmanage
                0x00000000080028cc                __exc_busfault
                0x00000000080028d0                __exc_usagefault
 .text          0x0000000008002920        0x2 /tmp/arduino-core-cache/core_stm32duino_STM32F1_genericSTM32F103C_5a4dbace9beb809c21e95eded92a94f6.a(isrs.S.o)
                0x0000000008002920                __stm32reservedexception9
                0x0000000008002920                __exc_debug_monitor
                0x0000000008002920                __exc_svc
                0x0000000008002920                __irq_can_rx1
                0x0000000008002920                __irq_spi2
                0x0000000008002920                __irq_can_sce
                0x0000000008002920                __irq_pvd
                0x0000000008002920                __irq_tamper
                0x0000000008002920                __default_handler
                0x0000000008002920                __irq_wwdg
                0x0000000008002920                __stm32reservedexception10
                0x0000000008002920                __irq_flash
                0x0000000008002920                __stm32reservedexception13
                0x0000000008002920                __irq_rtc
                0x0000000008002920                __irq_spi1
                0x0000000008002920                __stm32reservedexception7
                0x0000000008002920                __irq_usb_hp_can_tx
                0x0000000008002920                __irq_rtcalarm
                0x0000000008002920                __stm32reservedexception8
                0x0000000008002920                __exc_pendsv
                0x0000000008002920                __irq_usbwakeup
                0x0000000008002920                __irq_rcc
 .text.adc_init
                0x0000000008002922       0x14 /tmp/arduino-core-cache/core_stm32duino_STM32F1_genericSTM32F103C_5a4dbace9beb809c21e95eded92a94f6.a(adc.c.o)
                0x0000000008002922                adc_init
 .text.adc_set_extsel
                0x0000000008002936       0x12 /tmp/arduino-core-cache/core_stm32duino_STM32F1_genericSTM32F103C_5a4dbace9beb809c21e95eded92a94f6.a(adc.c.o)
                0x0000000008002936                adc_set_extsel
 .text.adc_set_sample_rate
                0x0000000008002948       0x30 /tmp/arduino-core-cache/core_stm32duino_STM32F1_genericSTM32F103C_5a4dbace9beb809c21e95eded92a94f6.a(adc.c.o)
                0x0000000008002948                adc_set_sample_rate
 .text.__irq_adc
                0x0000000008002978       0x50 /tmp/arduino-core-cache/core_stm32duino_STM32F1_genericSTM32F103C_5a4dbace9beb809c21e95eded92a94f6.a(adc_f1.c.o)
                0x0000000008002978                __irq_adc
 .text.adc_calibrate
                0x00000000080029c8       0x24 /tmp/arduino-core-cache/core_stm32duino_STM32F1_genericSTM32F103C_5a4dbace9beb809c21e95eded92a94f6.a(adc_f1.c.o)
                0x00000000080029c8                adc_calibrate
 .text.adc_set_prescaler
                0x00000000080029ec        0x8 /tmp/arduino-core-cache/core_stm32duino_STM32F1_genericSTM32F103C_5a4dbace9beb809c21e95eded92a94f6.a(adc_f1.c.o)
                0x00000000080029ec                adc_set_prescaler
 .text.adc_foreach
                0x00000000080029f4       0x1c /tmp/arduino-core-cache/core_stm32duino_STM32F1_genericSTM32F103C_5a4dbace9beb809c21e95eded92a94f6.a(adc_f1.c.o)
                0x00000000080029f4                adc_foreach
 .text.adc_enable_single_swstart
                0x0000000008002a10       0x36 /tmp/arduino-core-cache/core_stm32duino_STM32F1_genericSTM32F103C_5a4dbace9beb809c21e95eded92a94f6.a(adc_f1.c.o)
                0x0000000008002a10                adc_enable_single_swstart
 .text.dma_irq_handler
                0x0000000008002a46       0x1c /tmp/arduino-core-cache/core_stm32duino_STM32F1_genericSTM32F103C_5a4dbace9beb809c21e95eded92a94f6.a(dma_f1.c.o)
 *fill*         0x0000000008002a62        0x2 
 .text.__irq_dma1_channel1
                0x0000000008002a64       0x10 /tmp/arduino-core-cache/core_stm32duino_STM32F1_genericSTM32F103C_5a4dbace9beb809c21e95eded92a94f6.a(dma_f1.c.o)
                0x0000000008002a64                __irq_dma1_channel1
 .text.__irq_dma1_channel2
                0x0000000008002a74       0x10 /tmp/arduino-core-cache/core_stm32duino_STM32F1_genericSTM32F103C_5a4dbace9beb809c21e95eded92a94f6.a(dma_f1.c.o)
                0x0000000008002a74                __irq_dma1_channel2
 .text.__irq_dma1_channel3
                0x0000000008002a84       0x10 /tmp/arduino-core-cache/core_stm32duino_STM32F1_genericSTM32F103C_5a4dbace9beb809c21e95eded92a94f6.a(dma_f1.c.o)
                0x0000000008002a84                __irq_dma1_channel3
 .text.__irq_dma1_channel4
                0x0000000008002a94       0x10 /tmp/arduino-core-cache/core_stm32duino_STM32F1_genericSTM32F103C_5a4dbace9beb809c21e95eded92a94f6.a(dma_f1.c.o)
                0x0000000008002a94                __irq_dma1_channel4
 .text.__irq_dma1_channel5
                0x0000000008002aa4       0x10 /tmp/arduino-core-cache/core_stm32duino_STM32F1_genericSTM32F103C_5a4dbace9beb809c21e95eded92a94f6.a(dma_f1.c.o)
                0x0000000008002aa4                __irq_dma1_channel5
 .text.__irq_dma1_channel6
                0x0000000008002ab4       0x10 /tmp/arduino-core-cache/core_stm32duino_STM32F1_genericSTM32F103C_5a4dbace9beb809c21e95eded92a94f6.a(dma_f1.c.o)
                0x0000000008002ab4                __irq_dma1_channel6
 .text.__irq_dma1_channel7
                0x0000000008002ac4       0x10 /tmp/arduino-core-cache/core_stm32duino_STM32F1_genericSTM32F103C_5a4dbace9beb809c21e95eded92a94f6.a(dma_f1.c.o)
                0x0000000008002ac4                __irq_dma1_channel7
 .text.dispatch_single_exti
                0x0000000008002ad4       0x2c /tmp/arduino-core-cache/core_stm32duino_STM32F1_genericSTM32F103C_5a4dbace9beb809c21e95eded92a94f6.a(exti.c.o)
                0x0000000008002ad4                dispatch_single_exti
 .text.dispatch_extis
                0x0000000008002b00       0x4c /tmp/arduino-core-cache/core_stm32duino_STM32F1_genericSTM32F103C_5a4dbace9beb809c21e95eded92a94f6.a(exti.c.o)
                0x0000000008002b00                dispatch_extis
 .text.__irq_exti0
                0x0000000008002b4c        0x6 /tmp/arduino-core-cache/core_stm32duino_STM32F1_genericSTM32F103C_5a4dbace9beb809c21e95eded92a94f6.a(exti.c.o)
                0x0000000008002b4c                __irq_exti0
 .text.__irq_exti1
                0x0000000008002b52        0x6 /tmp/arduino-core-cache/core_stm32duino_STM32F1_genericSTM32F103C_5a4dbace9beb809c21e95eded92a94f6.a(exti.c.o)
                0x0000000008002b52                __irq_exti1
 .text.__irq_exti2
                0x0000000008002b58        0x6 /tmp/arduino-core-cache/core_stm32duino_STM32F1_genericSTM32F103C_5a4dbace9beb809c21e95eded92a94f6.a(exti.c.o)
                0x0000000008002b58                __irq_exti2
 .text.__irq_exti3
                0x0000000008002b5e        0x6 /tmp/arduino-core-cache/core_stm32duino_STM32F1_genericSTM32F103C_5a4dbace9beb809c21e95eded92a94f6.a(exti.c.o)
                0x0000000008002b5e                __irq_exti3
 .text.__irq_exti4
                0x0000000008002b64        0x6 /tmp/arduino-core-cache/core_stm32duino_STM32F1_genericSTM32F103C_5a4dbace9beb809c21e95eded92a94f6.a(exti.c.o)
                0x0000000008002b64                __irq_exti4
 .text.__irq_exti9_5
                0x0000000008002b6a        0x8 /tmp/arduino-core-cache/core_stm32duino_STM32F1_genericSTM32F103C_5a4dbace9beb809c21e95eded92a94f6.a(exti.c.o)
                0x0000000008002b6a                __irq_exti9_5
 .text.__irq_exti15_10
                0x0000000008002b72        0x8 /tmp/arduino-core-cache/core_stm32duino_STM32F1_genericSTM32F103C_5a4dbace9beb809c21e95eded92a94f6.a(exti.c.o)
                0x0000000008002b72                __irq_exti15_10
 *fill*         0x0000000008002b7a        0x2 
 .text.flash_set_latency
                0x0000000008002b7c       0x14 /tmp/arduino-core-cache/core_stm32duino_STM32F1_genericSTM32F103C_5a4dbace9beb809c21e95eded92a94f6.a(flash.c.o)
                0x0000000008002b7c                flash_set_latency
 .text.gpio_init_all
                0x0000000008002b90       0x30 /tmp/arduino-core-cache/core_stm32duino_STM32F1_genericSTM32F103C_5a4dbace9beb809c21e95eded92a94f6.a(gpio_f1.c.o)
                0x0000000008002b90                gpio_init_all
 .text.gpio_set_mode
                0x0000000008002bc0       0x50 /tmp/arduino-core-cache/core_stm32duino_STM32F1_genericSTM32F103C_5a4dbace9beb809c21e95eded92a94f6.a(gpio_f1.c.o)
                0x0000000008002bc0                gpio_set_mode
 .text.afio_init
                0x0000000008002c10       0x12 /tmp/arduino-core-cache/core_stm32duino_STM32F1_genericSTM32F103C_5a4dbace9beb809c21e95eded92a94f6.a(gpio_f1.c.o)
                0x0000000008002c10                afio_init
 *fill*         0x0000000008002c22        0x2 
 .text.__irq_i2c1_ev
                0x0000000008002c24        0xc /tmp/arduino-core-cache/core_stm32duino_STM32F1_genericSTM32F103C_5a4dbace9beb809c21e95eded92a94f6.a(i2c_f1.c.o)
                0x0000000008002c24                __irq_i2c1_ev
 .text.__irq_i2c2_ev
                0x0000000008002c30        0xc /tmp/arduino-core-cache/core_stm32duino_STM32F1_genericSTM32F103C_5a4dbace9beb809c21e95eded92a94f6.a(i2c_f1.c.o)
                0x0000000008002c30                __irq_i2c2_ev
 .text.__irq_i2c1_er
                0x0000000008002c3c        0xc /tmp/arduino-core-cache/core_stm32duino_STM32F1_genericSTM32F103C_5a4dbace9beb809c21e95eded92a94f6.a(i2c_f1.c.o)
                0x0000000008002c3c                __irq_i2c1_er
 .text.__irq_i2c2_er
                0x0000000008002c48        0xc /tmp/arduino-core-cache/core_stm32duino_STM32F1_genericSTM32F103C_5a4dbace9beb809c21e95eded92a94f6.a(i2c_f1.c.o)
                0x0000000008002c48                __irq_i2c2_er
 .text.nvic_irq_set_priority
                0x0000000008002c54       0x28 /tmp/arduino-core-cache/core_stm32duino_STM32F1_genericSTM32F103C_5a4dbace9beb809c21e95eded92a94f6.a(nvic.c.o)
                0x0000000008002c54                nvic_irq_set_priority
 .text.nvic_init
                0x0000000008002c7c       0x30 /tmp/arduino-core-cache/core_stm32duino_STM32F1_genericSTM32F103C_5a4dbace9beb809c21e95eded92a94f6.a(nvic.c.o)
                0x0000000008002c7c                nvic_init
 .text.nvic_sys_reset
                0x0000000008002cac       0x1c /tmp/arduino-core-cache/core_stm32duino_STM32F1_genericSTM32F103C_5a4dbace9beb809c21e95eded92a94f6.a(nvic.c.o)
                0x0000000008002cac                nvic_sys_reset
 .text.rcc_dev_clk
                0x0000000008002cc8        0xc /tmp/arduino-core-cache/core_stm32duino_STM32F1_genericSTM32F103C_5a4dbace9beb809c21e95eded92a94f6.a(rcc.c.o)
                0x0000000008002cc8                rcc_dev_clk
 .text.rcc_switch_sysclk
                0x0000000008002cd4       0x20 /tmp/arduino-core-cache/core_stm32duino_STM32F1_genericSTM32F103C_5a4dbace9beb809c21e95eded92a94f6.a(rcc.c.o)
                0x0000000008002cd4                rcc_switch_sysclk
 .text.rcc_turn_on_clk
                0x0000000008002cf4       0x1a /tmp/arduino-core-cache/core_stm32duino_STM32F1_genericSTM32F103C_5a4dbace9beb809c21e95eded92a94f6.a(rcc.c.o)
                0x0000000008002cf4                rcc_turn_on_clk
 .text.rcc_turn_off_clk
                0x0000000008002d0e       0x1c /tmp/arduino-core-cache/core_stm32duino_STM32F1_genericSTM32F103C_5a4dbace9beb809c21e95eded92a94f6.a(rcc.c.o)
                0x0000000008002d0e                rcc_turn_off_clk
 .text.rcc_is_clk_ready
                0x0000000008002d2a       0x18 /tmp/arduino-core-cache/core_stm32duino_STM32F1_genericSTM32F103C_5a4dbace9beb809c21e95eded92a94f6.a(rcc.c.o)
                0x0000000008002d2a                rcc_is_clk_ready
 *fill*         0x0000000008002d42        0x2 
 .text.rcc_configure_pll
                0x0000000008002d44       0x18 /tmp/arduino-core-cache/core_stm32duino_STM32F1_genericSTM32F103C_5a4dbace9beb809c21e95eded92a94f6.a(rcc_f1.c.o)
                0x0000000008002d44                rcc_configure_pll
 .text.rcc_clk_enable
                0x0000000008002d5c       0x30 /tmp/arduino-core-cache/core_stm32duino_STM32F1_genericSTM32F103C_5a4dbace9beb809c21e95eded92a94f6.a(rcc_f1.c.o)
                0x0000000008002d5c                rcc_clk_enable
 .text.rcc_reset_dev
                0x0000000008002d8c       0x34 /tmp/arduino-core-cache/core_stm32duino_STM32F1_genericSTM32F103C_5a4dbace9beb809c21e95eded92a94f6.a(rcc_f1.c.o)
                0x0000000008002d8c                rcc_reset_dev
 .text.rcc_set_prescaler
                0x0000000008002dc0       0x20 /tmp/arduino-core-cache/core_stm32duino_STM32F1_genericSTM32F103C_5a4dbace9beb809c21e95eded92a94f6.a(rcc_f1.c.o)
                0x0000000008002dc0                rcc_set_prescaler
 .text.rcc_clk_disable
                0x0000000008002de0       0x30 /tmp/arduino-core-cache/core_stm32duino_STM32F1_genericSTM32F103C_5a4dbace9beb809c21e95eded92a94f6.a(rcc_f1.c.o)
                0x0000000008002de0                rcc_clk_disable
 .text.systick_init
                0x0000000008002e10       0x10 /tmp/arduino-core-cache/core_stm32duino_STM32F1_genericSTM32F103C_5a4dbace9beb809c21e95eded92a94f6.a(systick.c.o)
                0x0000000008002e10                systick_init
 .text.__exc_systick
                0x0000000008002e20       0x1c /tmp/arduino-core-cache/core_stm32duino_STM32F1_genericSTM32F103C_5a4dbace9beb809c21e95eded92a94f6.a(systick.c.o)
                0x0000000008002e20                __exc_systick
 .text.timer_oc_set_mode
                0x0000000008002e3c       0x3a /tmp/arduino-core-cache/core_stm32duino_STM32F1_genericSTM32F103C_5a4dbace9beb809c21e95eded92a94f6.a(timer.c.o)
 .text.dispatch_general
                0x0000000008002e76       0x66 /tmp/arduino-core-cache/core_stm32duino_STM32F1_genericSTM32F103C_5a4dbace9beb809c21e95eded92a94f6.a(timer.c.o)
 .text.timer_cc_enable
                0x0000000008002edc       0x1c /tmp/arduino-core-cache/core_stm32duino_STM32F1_genericSTM32F103C_5a4dbace9beb809c21e95eded92a94f6.a(timer.c.o)
 .text.timer_foreach
                0x0000000008002ef8       0x28 /tmp/arduino-core-cache/core_stm32duino_STM32F1_genericSTM32F103C_5a4dbace9beb809c21e95eded92a94f6.a(timer.c.o)
                0x0000000008002ef8                timer_foreach
 .text.timer_init
                0x0000000008002f20       0x14 /tmp/arduino-core-cache/core_stm32duino_STM32F1_genericSTM32F103C_5a4dbace9beb809c21e95eded92a94f6.a(timer.c.o)
                0x0000000008002f20                timer_init
 .text.timer_has_cc_channel
                0x0000000008002f34       0x30 /tmp/arduino-core-cache/core_stm32duino_STM32F1_genericSTM32F103C_5a4dbace9beb809c21e95eded92a94f6.a(timer.c.o)
                0x0000000008002f34                timer_has_cc_channel
 .text.timer_detach_interrupt
                0x0000000008002f64       0x1e /tmp/arduino-core-cache/core_stm32duino_STM32F1_genericSTM32F103C_5a4dbace9beb809c21e95eded92a94f6.a(timer.c.o)
                0x0000000008002f64                timer_detach_interrupt
 .text.input_capture_mode
                0x0000000008002f82       0x1a /tmp/arduino-core-cache/core_stm32duino_STM32F1_genericSTM32F103C_5a4dbace9beb809c21e95eded92a94f6.a(timer.c.o)
                0x0000000008002f82                input_capture_mode
 .text.timer_set_mode
                0x0000000008002f9c       0x8c /tmp/arduino-core-cache/core_stm32duino_STM32F1_genericSTM32F103C_5a4dbace9beb809c21e95eded92a94f6.a(timer.c.o)
                0x0000000008002f9c                timer_set_mode
 .text.__irq_tim1_brk
                0x0000000008003028       0x24 /tmp/arduino-core-cache/core_stm32duino_STM32F1_genericSTM32F103C_5a4dbace9beb809c21e95eded92a94f6.a(timer.c.o)
                0x0000000008003028                __irq_tim1_brk
 .text.__irq_tim1_up
                0x000000000800304c       0x24 /tmp/arduino-core-cache/core_stm32duino_STM32F1_genericSTM32F103C_5a4dbace9beb809c21e95eded92a94f6.a(timer.c.o)
                0x000000000800304c                __irq_tim1_up
 .text.__irq_tim1_trg_com
                0x0000000008003070       0x34 /tmp/arduino-core-cache/core_stm32duino_STM32F1_genericSTM32F103C_5a4dbace9beb809c21e95eded92a94f6.a(timer.c.o)
                0x0000000008003070                __irq_tim1_trg_com
 .text.__irq_tim1_cc
                0x00000000080030a4       0x50 /tmp/arduino-core-cache/core_stm32duino_STM32F1_genericSTM32F103C_5a4dbace9beb809c21e95eded92a94f6.a(timer.c.o)
                0x00000000080030a4                __irq_tim1_cc
 .text.__irq_tim2
                0x00000000080030f4        0xc /tmp/arduino-core-cache/core_stm32duino_STM32F1_genericSTM32F103C_5a4dbace9beb809c21e95eded92a94f6.a(timer.c.o)
                0x00000000080030f4                __irq_tim2
 .text.__irq_tim3
                0x0000000008003100        0xc /tmp/arduino-core-cache/core_stm32duino_STM32F1_genericSTM32F103C_5a4dbace9beb809c21e95eded92a94f6.a(timer.c.o)
                0x0000000008003100                __irq_tim3
 .text.__irq_tim4
                0x000000000800310c        0xc /tmp/arduino-core-cache/core_stm32duino_STM32F1_genericSTM32F103C_5a4dbace9beb809c21e95eded92a94f6.a(timer.c.o)
                0x000000000800310c                __irq_tim4
 .text.usart_irq
                0x0000000008003118       0xc8 /tmp/arduino-core-cache/core_stm32duino_STM32F1_genericSTM32F103C_5a4dbace9beb809c21e95eded92a94f6.a(usart_f1.c.o)
 .text.usart_config_gpios_async
                0x00000000080031e0       0x4a /tmp/arduino-core-cache/core_stm32duino_STM32F1_genericSTM32F103C_5a4dbace9beb809c21e95eded92a94f6.a(usart_f1.c.o)
                0x00000000080031e0                usart_config_gpios_async
 .text.usart_set_baud_rate
                0x000000000800322a       0x3c /tmp/arduino-core-cache/core_stm32duino_STM32F1_genericSTM32F103C_5a4dbace9beb809c21e95eded92a94f6.a(usart_f1.c.o)
                0x000000000800322a                usart_set_baud_rate
 *fill*         0x0000000008003266        0x2 
 .text.__irq_usart1
                0x0000000008003268       0x18 /tmp/arduino-core-cache/core_stm32duino_STM32F1_genericSTM32F103C_5a4dbace9beb809c21e95eded92a94f6.a(usart_f1.c.o)
                0x0000000008003268                __irq_usart1
 .text.__irq_usart2
                0x0000000008003280       0x18 /tmp/arduino-core-cache/core_stm32duino_STM32F1_genericSTM32F103C_5a4dbace9beb809c21e95eded92a94f6.a(usart_f1.c.o)
                0x0000000008003280                __irq_usart2
 .text.__irq_usart3
                0x0000000008003298       0x18 /tmp/arduino-core-cache/core_stm32duino_STM32F1_genericSTM32F103C_5a4dbace9beb809c21e95eded92a94f6.a(usart_f1.c.o)
                0x0000000008003298                __irq_usart3
 .text._usart_clock_freq
                0x00000000080032b0       0x24 /tmp/arduino-core-cache/core_stm32duino_STM32F1_genericSTM32F103C_5a4dbace9beb809c21e95eded92a94f6.a(usart_private.c.o)
                0x00000000080032b0                _usart_clock_freq
 .text.usb_resume
                0x00000000080032d4       0xb4 /tmp/arduino-core-cache/core_stm32duino_STM32F1_genericSTM32F103C_5a4dbace9beb809c21e95eded92a94f6.a(usb.c.o)
 .text.usb_init_usblib
                0x0000000008003388       0x48 /tmp/arduino-core-cache/core_stm32duino_STM32F1_genericSTM32F103C_5a4dbace9beb809c21e95eded92a94f6.a(usb.c.o)
                0x0000000008003388                usb_init_usblib
 .text.__irq_usb_lp_can_rx0
                0x00000000080033d0      0x1c8 /tmp/arduino-core-cache/core_stm32duino_STM32F1_genericSTM32F103C_5a4dbace9beb809c21e95eded92a94f6.a(usb.c.o)
                0x00000000080033d0                __irq_usb_lp_can_rx0
 .text.usb_set_ep_rx_stat
                0x0000000008003598       0x22 /tmp/arduino-core-cache/core_stm32duino_STM32F1_genericSTM32F103C_5a4dbace9beb809c21e95eded92a94f6.a(usb_cdcacm.c.o)
 *fill*         0x00000000080035ba        0x2 
 .text.vcomGetSetLineCoding
                0x00000000080035bc       0x18 /tmp/arduino-core-cache/core_stm32duino_STM32F1_genericSTM32F103C_5a4dbace9beb809c21e95eded92a94f6.a(usb_cdcacm.c.o)
 .text.usbDataSetup
                0x00000000080035d4       0x54 /tmp/arduino-core-cache/core_stm32duino_STM32F1_genericSTM32F103C_5a4dbace9beb809c21e95eded92a94f6.a(usb_cdcacm.c.o)
 .text.usbNoDataSetup
                0x0000000008003628       0x50 /tmp/arduino-core-cache/core_stm32duino_STM32F1_genericSTM32F103C_5a4dbace9beb809c21e95eded92a94f6.a(usb_cdcacm.c.o)
 .text.usbGetInterfaceSetting
                0x0000000008003678       0x10 /tmp/arduino-core-cache/core_stm32duino_STM32F1_genericSTM32F103C_5a4dbace9beb809c21e95eded92a94f6.a(usb_cdcacm.c.o)
 .text.usbSetConfiguration
                0x0000000008003688       0x1c /tmp/arduino-core-cache/core_stm32duino_STM32F1_genericSTM32F103C_5a4dbace9beb809c21e95eded92a94f6.a(usb_cdcacm.c.o)
 .text.usbSetDeviceAddress
                0x00000000080036a4       0x10 /tmp/arduino-core-cache/core_stm32duino_STM32F1_genericSTM32F103C_5a4dbace9beb809c21e95eded92a94f6.a(usb_cdcacm.c.o)
 .text.usbGetStringDescriptor
                0x00000000080036b4       0x20 /tmp/arduino-core-cache/core_stm32duino_STM32F1_genericSTM32F103C_5a4dbace9beb809c21e95eded92a94f6.a(usb_cdcacm.c.o)
 .text.usbGetConfigDescriptor
                0x00000000080036d4        0xc /tmp/arduino-core-cache/core_stm32duino_STM32F1_genericSTM32F103C_5a4dbace9beb809c21e95eded92a94f6.a(usb_cdcacm.c.o)
 .text.usbGetDeviceDescriptor
                0x00000000080036e0        0xc /tmp/arduino-core-cache/core_stm32duino_STM32F1_genericSTM32F103C_5a4dbace9beb809c21e95eded92a94f6.a(usb_cdcacm.c.o)
 .text.usbInit  0x00000000080036ec       0x44 /tmp/arduino-core-cache/core_stm32duino_STM32F1_genericSTM32F103C_5a4dbace9beb809c21e95eded92a94f6.a(usb_cdcacm.c.o)
 .text.vcomDataTxCb
                0x0000000008003730       0xa0 /tmp/arduino-core-cache/core_stm32duino_STM32F1_genericSTM32F103C_5a4dbace9beb809c21e95eded92a94f6.a(usb_cdcacm.c.o)
 .text.usbReset
                0x00000000080037d0      0x160 /tmp/arduino-core-cache/core_stm32duino_STM32F1_genericSTM32F103C_5a4dbace9beb809c21e95eded92a94f6.a(usb_cdcacm.c.o)
 .text.vcomDataRxCb
                0x0000000008003930       0x7c /tmp/arduino-core-cache/core_stm32duino_STM32F1_genericSTM32F103C_5a4dbace9beb809c21e95eded92a94f6.a(usb_cdcacm.c.o)
 .text.usb_cdcacm_set_hooks
                0x00000000080039ac       0x1c /tmp/arduino-core-cache/core_stm32duino_STM32F1_genericSTM32F103C_5a4dbace9beb809c21e95eded92a94f6.a(usb_cdcacm.c.o)
                0x00000000080039ac                usb_cdcacm_set_hooks
 .text.usb_cdcacm_enable
                0x00000000080039c8       0x38 /tmp/arduino-core-cache/core_stm32duino_STM32F1_genericSTM32F103C_5a4dbace9beb809c21e95eded92a94f6.a(usb_cdcacm.c.o)
                0x00000000080039c8                usb_cdcacm_enable
 .text.usb_cdcacm_tx
                0x0000000008003a00       0x60 /tmp/arduino-core-cache/core_stm32duino_STM32F1_genericSTM32F103C_5a4dbace9beb809c21e95eded92a94f6.a(usb_cdcacm.c.o)
                0x0000000008003a00                usb_cdcacm_tx
 .text.usb_cdcacm_data_available
                0x0000000008003a60       0x18 /tmp/arduino-core-cache/core_stm32duino_STM32F1_genericSTM32F103C_5a4dbace9beb809c21e95eded92a94f6.a(usb_cdcacm.c.o)
                0x0000000008003a60                usb_cdcacm_data_available
 .text.usb_cdcacm_peek
                0x0000000008003a78       0x38 /tmp/arduino-core-cache/core_stm32duino_STM32F1_genericSTM32F103C_5a4dbace9beb809c21e95eded92a94f6.a(usb_cdcacm.c.o)
                0x0000000008003a78                usb_cdcacm_peek
 .text.usb_cdcacm_rx
                0x0000000008003ab0       0x34 /tmp/arduino-core-cache/core_stm32duino_STM32F1_genericSTM32F103C_5a4dbace9beb809c21e95eded92a94f6.a(usb_cdcacm.c.o)
                0x0000000008003ab0                usb_cdcacm_rx
 .text.usb_cdcacm_peek_ex
                0x0000000008003ae4       0x3c /tmp/arduino-core-cache/core_stm32duino_STM32F1_genericSTM32F103C_5a4dbace9beb809c21e95eded92a94f6.a(usb_cdcacm.c.o)
                0x0000000008003ae4                usb_cdcacm_peek_ex
 .text.usb_cdcacm_get_dtr
                0x0000000008003b20       0x10 /tmp/arduino-core-cache/core_stm32duino_STM32F1_genericSTM32F103C_5a4dbace9beb809c21e95eded92a94f6.a(usb_cdcacm.c.o)
                0x0000000008003b20                usb_cdcacm_get_dtr
 .text.usb_set_ep_rx_count
                0x0000000008003b30       0x4c /tmp/arduino-core-cache/core_stm32duino_STM32F1_genericSTM32F103C_5a4dbace9beb809c21e95eded92a94f6.a(usb_reg_map.c.o)
                0x0000000008003b30                usb_set_ep_rx_count
 .text.Standard_GetConfiguration
                0x0000000008003b7c       0x24 /tmp/arduino-core-cache/core_stm32duino_STM32F1_genericSTM32F103C_5a4dbace9beb809c21e95eded92a94f6.a(usb_core.c.o)
                0x0000000008003b7c                Standard_GetConfiguration
 .text.Standard_GetInterface
                0x0000000008003ba0       0x24 /tmp/arduino-core-cache/core_stm32duino_STM32F1_genericSTM32F103C_5a4dbace9beb809c21e95eded92a94f6.a(usb_core.c.o)
                0x0000000008003ba0                Standard_GetInterface
 .text.Standard_GetStatus
                0x0000000008003bc4       0x90 /tmp/arduino-core-cache/core_stm32duino_STM32F1_genericSTM32F103C_5a4dbace9beb809c21e95eded92a94f6.a(usb_core.c.o)
                0x0000000008003bc4                Standard_GetStatus
 .text.DataStageIn
                0x0000000008003c54       0xa8 /tmp/arduino-core-cache/core_stm32duino_STM32F1_genericSTM32F103C_5a4dbace9beb809c21e95eded92a94f6.a(usb_core.c.o)
 .text.Standard_SetConfiguration
                0x0000000008003cfc       0x38 /tmp/arduino-core-cache/core_stm32duino_STM32F1_genericSTM32F103C_5a4dbace9beb809c21e95eded92a94f6.a(usb_core.c.o)
                0x0000000008003cfc                Standard_SetConfiguration
 .text.Standard_SetInterface
                0x0000000008003d34       0x48 /tmp/arduino-core-cache/core_stm32duino_STM32F1_genericSTM32F103C_5a4dbace9beb809c21e95eded92a94f6.a(usb_core.c.o)
                0x0000000008003d34                Standard_SetInterface
 .text.Standard_ClearFeature
                0x0000000008003d7c       0xd0 /tmp/arduino-core-cache/core_stm32duino_STM32F1_genericSTM32F103C_5a4dbace9beb809c21e95eded92a94f6.a(usb_core.c.o)
                0x0000000008003d7c                Standard_ClearFeature
 .text.Standard_SetEndPointFeature
                0x0000000008003e4c       0x84 /tmp/arduino-core-cache/core_stm32duino_STM32F1_genericSTM32F103C_5a4dbace9beb809c21e95eded92a94f6.a(usb_core.c.o)
                0x0000000008003e4c                Standard_SetEndPointFeature
 .text.Standard_SetDeviceFeature
                0x0000000008003ed0       0x24 /tmp/arduino-core-cache/core_stm32duino_STM32F1_genericSTM32F103C_5a4dbace9beb809c21e95eded92a94f6.a(usb_core.c.o)
                0x0000000008003ed0                Standard_SetDeviceFeature
 .text.Standard_GetDescriptorData
                0x0000000008003ef4       0x1c /tmp/arduino-core-cache/core_stm32duino_STM32F1_genericSTM32F103C_5a4dbace9beb809c21e95eded92a94f6.a(usb_core.c.o)
                0x0000000008003ef4                Standard_GetDescriptorData
 .text.Post0_Process
                0x0000000008003f10       0x40 /tmp/arduino-core-cache/core_stm32duino_STM32F1_genericSTM32F103C_5a4dbace9beb809c21e95eded92a94f6.a(usb_core.c.o)
                0x0000000008003f10                Post0_Process
 .text.Setup0_Process
                0x0000000008003f50      0x2d0 /tmp/arduino-core-cache/core_stm32duino_STM32F1_genericSTM32F103C_5a4dbace9beb809c21e95eded92a94f6.a(usb_core.c.o)
                0x0000000008003f50                Setup0_Process
 .text.Out0_Process
                0x0000000008004220       0xc8 /tmp/arduino-core-cache/core_stm32duino_STM32F1_genericSTM32F103C_5a4dbace9beb809c21e95eded92a94f6.a(usb_core.c.o)
                0x0000000008004220                Out0_Process
 .text.SetDeviceAddress
                0x00000000080042e8       0x38 /tmp/arduino-core-cache/core_stm32duino_STM32F1_genericSTM32F103C_5a4dbace9beb809c21e95eded92a94f6.a(usb_core.c.o)
                0x00000000080042e8                SetDeviceAddress
 .text.In0_Process
                0x0000000008004320       0x5c /tmp/arduino-core-cache/core_stm32duino_STM32F1_genericSTM32F103C_5a4dbace9beb809c21e95eded92a94f6.a(usb_core.c.o)
                0x0000000008004320                In0_Process
 .text.NOP_Process
                0x000000000800437c        0x2 /tmp/arduino-core-cache/core_stm32duino_STM32F1_genericSTM32F103C_5a4dbace9beb809c21e95eded92a94f6.a(usb_core.c.o)
                0x000000000800437c                NOP_Process
 .text.UserToPMABufferCopy
                0x000000000800437e       0x30 /tmp/arduino-core-cache/core_stm32duino_STM32F1_genericSTM32F103C_5a4dbace9beb809c21e95eded92a94f6.a(usb_mem.c.o)
                0x000000000800437e                UserToPMABufferCopy
 .text.PMAToUserBufferCopy
                0x00000000080043ae       0x32 /tmp/arduino-core-cache/core_stm32duino_STM32F1_genericSTM32F103C_5a4dbace9beb809c21e95eded92a94f6.a(usb_mem.c.o)
                0x00000000080043ae                PMAToUserBufferCopy
 .text.SetEPTxStatus
                0x00000000080043e0       0x2a /tmp/arduino-core-cache/core_stm32duino_STM32F1_genericSTM32F103C_5a4dbace9beb809c21e95eded92a94f6.a(usb_regs.c.o)
                0x00000000080043e0                SetEPTxStatus
 .text.ClearDTOG_RX
                0x000000000800440a       0x20 /tmp/arduino-core-cache/core_stm32duino_STM32F1_genericSTM32F103C_5a4dbace9beb809c21e95eded92a94f6.a(usb_regs.c.o)
                0x000000000800440a                ClearDTOG_RX
 .text.ClearDTOG_TX
                0x000000000800442a       0x20 /tmp/arduino-core-cache/core_stm32duino_STM32F1_genericSTM32F103C_5a4dbace9beb809c21e95eded92a94f6.a(usb_regs.c.o)
                0x000000000800442a                ClearDTOG_TX
 *fill*         0x000000000800444a        0x2 
 .text.GetEPTxAddr
                0x000000000800444c       0x1c /tmp/arduino-core-cache/core_stm32duino_STM32F1_genericSTM32F103C_5a4dbace9beb809c21e95eded92a94f6.a(usb_regs.c.o)
                0x000000000800444c                GetEPTxAddr
 .text.GetEPRxAddr
                0x0000000008004468       0x1c /tmp/arduino-core-cache/core_stm32duino_STM32F1_genericSTM32F103C_5a4dbace9beb809c21e95eded92a94f6.a(usb_regs.c.o)
                0x0000000008004468                GetEPRxAddr
 .text.SetEPTxCount
                0x0000000008004484       0x1c /tmp/arduino-core-cache/core_stm32duino_STM32F1_genericSTM32F103C_5a4dbace9beb809c21e95eded92a94f6.a(usb_regs.c.o)
                0x0000000008004484                SetEPTxCount
 .text.SetEPRxCount
                0x00000000080044a0       0x40 /tmp/arduino-core-cache/core_stm32duino_STM32F1_genericSTM32F103C_5a4dbace9beb809c21e95eded92a94f6.a(usb_regs.c.o)
                0x00000000080044a0                SetEPRxCount
 .text.throb    0x00000000080044e0       0x4c /tmp/arduino-core-cache/core_stm32duino_STM32F1_genericSTM32F103C_5a4dbace9beb809c21e95eded92a94f6.a(util.c.o)
                0x00000000080044e0                throb
 .text.__error  0x000000000800452c       0x14 /tmp/arduino-core-cache/core_stm32duino_STM32F1_genericSTM32F103C_5a4dbace9beb809c21e95eded92a94f6.a(util.c.o)
                0x000000000800452c                __error
 .text.rb_full_count
                0x0000000008004540       0x22 /tmp/arduino-core-cache/core_stm32duino_STM32F1_genericSTM32F103C_5a4dbace9beb809c21e95eded92a94f6.a(HardwareSerial.cpp.o)
 .text._ZN14HardwareSerial4readEv
                0x0000000008004562       0x3a /tmp/arduino-core-cache/core_stm32duino_STM32F1_genericSTM32F103C_5a4dbace9beb809c21e95eded92a94f6.a(HardwareSerial.cpp.o)
                0x0000000008004562                HardwareSerial::read()
 .text._ZN14HardwareSerial9availableEv
                0x000000000800459c        0xc /tmp/arduino-core-cache/core_stm32duino_STM32F1_genericSTM32F103C_5a4dbace9beb809c21e95eded92a94f6.a(HardwareSerial.cpp.o)
                0x000000000800459c                HardwareSerial::available()
 .text._ZN14HardwareSerial4peekEv
                0x00000000080045a8       0x22 /tmp/arduino-core-cache/core_stm32duino_STM32F1_genericSTM32F103C_5a4dbace9beb809c21e95eded92a94f6.a(HardwareSerial.cpp.o)
                0x00000000080045a8                HardwareSerial::peek()
 .text._ZN14HardwareSerial5flushEv
                0x00000000080045ca       0x1a /tmp/arduino-core-cache/core_stm32duino_STM32F1_genericSTM32F103C_5a4dbace9beb809c21e95eded92a94f6.a(HardwareSerial.cpp.o)
                0x00000000080045ca                HardwareSerial::flush()
 .text._ZN14HardwareSerial5writeEh
                0x00000000080045e4       0x1e /tmp/arduino-core-cache/core_stm32duino_STM32F1_genericSTM32F103C_5a4dbace9beb809c21e95eded92a94f6.a(HardwareSerial.cpp.o)
                0x00000000080045e4                HardwareSerial::write(unsigned char)
 *fill*         0x0000000008004602        0x2 
 .text._ZN14HardwareSerialC2EP9usart_devhh
                0x0000000008004604       0x1c /tmp/arduino-core-cache/core_stm32duino_STM32F1_genericSTM32F103C_5a4dbace9beb809c21e95eded92a94f6.a(HardwareSerial.cpp.o)
                0x0000000008004604                HardwareSerial::HardwareSerial(usart_dev*, unsigned char, unsigned char)
                0x0000000008004604                HardwareSerial::HardwareSerial(usart_dev*, unsigned char, unsigned char)
 .text._ZN14HardwareSerial5beginEmh
                0x0000000008004620       0x78 /tmp/arduino-core-cache/core_stm32duino_STM32F1_genericSTM32F103C_5a4dbace9beb809c21e95eded92a94f6.a(HardwareSerial.cpp.o)
                0x0000000008004620                HardwareSerial::begin(unsigned long, unsigned char)
 .text._ZN14HardwareSerial5beginEm
                0x0000000008004698        0x6 /tmp/arduino-core-cache/core_stm32duino_STM32F1_genericSTM32F103C_5a4dbace9beb809c21e95eded92a94f6.a(HardwareSerial.cpp.o)
                0x0000000008004698                HardwareSerial::begin(unsigned long)
 .text._ZN5Print5writeEPKvm
                0x000000000800469e       0x20 /tmp/arduino-core-cache/core_stm32duino_STM32F1_genericSTM32F103C_5a4dbace9beb809c21e95eded92a94f6.a(Print.cpp.o)
                0x000000000800469e                Print::write(void const*, unsigned long)
 .text._ZN5Print5writeEPKc
                0x00000000080046be       0x1e /tmp/arduino-core-cache/core_stm32duino_STM32F1_genericSTM32F103C_5a4dbace9beb809c21e95eded92a94f6.a(Print.cpp.o)
                0x00000000080046be                Print::write(char const*)
 .text._ZN6StringD2Ev
                0x00000000080046dc        0xe /tmp/arduino-core-cache/core_stm32duino_STM32F1_genericSTM32F103C_5a4dbace9beb809c21e95eded92a94f6.a(WString.cpp.o)
                0x00000000080046dc                String::~String()
                0x00000000080046dc                String::~String()
 .text._ZN6String10invalidateEv
                0x00000000080046ea       0x16 /tmp/arduino-core-cache/core_stm32duino_STM32F1_genericSTM32F103C_5a4dbace9beb809c21e95eded92a94f6.a(WString.cpp.o)
                0x00000000080046ea                String::invalidate()
 .text._ZN6String12changeBufferEj
                0x0000000008004700       0x18 /tmp/arduino-core-cache/core_stm32duino_STM32F1_genericSTM32F103C_5a4dbace9beb809c21e95eded92a94f6.a(WString.cpp.o)
                0x0000000008004700                String::changeBuffer(unsigned int)
 .text._ZN6String7reserveEj
                0x0000000008004718       0x22 /tmp/arduino-core-cache/core_stm32duino_STM32F1_genericSTM32F103C_5a4dbace9beb809c21e95eded92a94f6.a(WString.cpp.o)
                0x0000000008004718                String::reserve(unsigned int)
 .text._ZN6String4copyEPKcj
                0x000000000800473a       0x26 /tmp/arduino-core-cache/core_stm32duino_STM32F1_genericSTM32F103C_5a4dbace9beb809c21e95eded92a94f6.a(WString.cpp.o)
                0x000000000800473a                String::copy(char const*, unsigned int)
 .text._ZN6StringC2EPKc
                0x0000000008004760       0x24 /tmp/arduino-core-cache/core_stm32duino_STM32F1_genericSTM32F103C_5a4dbace9beb809c21e95eded92a94f6.a(WString.cpp.o)
                0x0000000008004760                String::String(char const*)
                0x0000000008004760                String::String(char const*)
 .text._ZN6String6concatEPKcj
                0x0000000008004784       0x2e /tmp/arduino-core-cache/core_stm32duino_STM32F1_genericSTM32F103C_5a4dbace9beb809c21e95eded92a94f6.a(WString.cpp.o)
                0x0000000008004784                String::concat(char const*, unsigned int)
 .text._ZN6String6concatEc
                0x00000000080047b2       0x1a /tmp/arduino-core-cache/core_stm32duino_STM32F1_genericSTM32F103C_5a4dbace9beb809c21e95eded92a94f6.a(WString.cpp.o)
                0x00000000080047b2                String::concat(char)
 .text._ZNK6String5toIntEv
                0x00000000080047cc        0xa /tmp/arduino-core-cache/core_stm32duino_STM32F1_genericSTM32F103C_5a4dbace9beb809c21e95eded92a94f6.a(WString.cpp.o)
                0x00000000080047cc                String::toInt() const
 .text.startup._Z7premainv
                0x00000000080047d6        0x4 /tmp/arduino-core-cache/core_stm32duino_STM32F1_genericSTM32F103C_5a4dbace9beb809c21e95eded92a94f6.a(main.cpp.o)
                0x00000000080047d6                premain()
 .text.startup.main
                0x00000000080047da        0xc /tmp/arduino-core-cache/core_stm32duino_STM32F1_genericSTM32F103C_5a4dbace9beb809c21e95eded92a94f6.a(main.cpp.o)
                0x00000000080047da                main
 *fill*         0x00000000080047e6        0x2 
 .text._Z8pwmWriteht
                0x00000000080047e8       0x24 /tmp/arduino-core-cache/core_stm32duino_STM32F1_genericSTM32F103C_5a4dbace9beb809c21e95eded92a94f6.a(pwm.cpp.o)
                0x00000000080047e8                pwmWrite(unsigned char, unsigned short)
 .text._Z11analogWritehi
                0x000000000800480c       0x1c /tmp/arduino-core-cache/core_stm32duino_STM32F1_genericSTM32F103C_5a4dbace9beb809c21e95eded92a94f6.a(pwm.cpp.o)
                0x000000000800480c                analogWrite(unsigned char, int)
 .text._Z17disableDebugPortsv
                0x0000000008004828       0x14 /tmp/arduino-core-cache/core_stm32duino_STM32F1_genericSTM32F103C_5a4dbace9beb809c21e95eded92a94f6.a(wirish_debug.cpp.o)
                0x0000000008004828                disableDebugPorts()
 .text._Z7pinModeh13WiringPinMode
                0x000000000800483c       0x84 /tmp/arduino-core-cache/core_stm32duino_STM32F1_genericSTM32F103C_5a4dbace9beb809c21e95eded92a94f6.a(wirish_digital_f1.cpp.o)
                0x000000000800483c                pinMode(unsigned char, WiringPinMode)
 .text._ZN9USBSerial9availableEv
                0x00000000080048c0        0x4 /tmp/arduino-core-cache/core_stm32duino_STM32F1_genericSTM32F103C_5a4dbace9beb809c21e95eded92a94f6.a(usb_serial.cpp.o)
                0x00000000080048c0                USBSerial::available()
 .text._ZN9USBSerial4peekEv
                0x00000000080048c4       0x1e /tmp/arduino-core-cache/core_stm32duino_STM32F1_genericSTM32F103C_5a4dbace9beb809c21e95eded92a94f6.a(usb_serial.cpp.o)
                0x00000000080048c4                USBSerial::peek()
 .text._ZN9USBSerial4readEv
                0x00000000080048e2       0x1e /tmp/arduino-core-cache/core_stm32duino_STM32F1_genericSTM32F103C_5a4dbace9beb809c21e95eded92a94f6.a(usb_serial.cpp.o)
                0x00000000080048e2                USBSerial::read()
 .text._ZL14ifaceSetupHookjPv
                0x0000000008004900       0x38 /tmp/arduino-core-cache/core_stm32duino_STM32F1_genericSTM32F103C_5a4dbace9beb809c21e95eded92a94f6.a(usb_serial.cpp.o)
 .text._ZL6rxHookjPv
                0x0000000008004938       0x6c /tmp/arduino-core-cache/core_stm32duino_STM32F1_genericSTM32F103C_5a4dbace9beb809c21e95eded92a94f6.a(usb_serial.cpp.o)
 .text._ZN9USBSerialC2Ev
                0x00000000080049a4       0x14 /tmp/arduino-core-cache/core_stm32duino_STM32F1_genericSTM32F103C_5a4dbace9beb809c21e95eded92a94f6.a(usb_serial.cpp.o)
                0x00000000080049a4                USBSerial::USBSerial()
                0x00000000080049a4                USBSerial::USBSerial()
 .text._ZN9USBSerial5beginEv
                0x00000000080049b8       0x34 /tmp/arduino-core-cache/core_stm32duino_STM32F1_genericSTM32F103C_5a4dbace9beb809c21e95eded92a94f6.a(usb_serial.cpp.o)
                0x00000000080049b8                USBSerial::begin()
 .text._ZN9USBSerial5beginEm
                0x00000000080049ec       0x10 /tmp/arduino-core-cache/core_stm32duino_STM32F1_genericSTM32F103C_5a4dbace9beb809c21e95eded92a94f6.a(usb_serial.cpp.o)
                0x00000000080049ec                USBSerial::begin(unsigned long)
 .text._ZN9USBSerial5writeEPKhm
                0x00000000080049fc       0x4c /tmp/arduino-core-cache/core_stm32duino_STM32F1_genericSTM32F103C_5a4dbace9beb809c21e95eded92a94f6.a(usb_serial.cpp.o)
                0x00000000080049fc                USBSerial::write(unsigned char const*, unsigned long)
 .text._ZN9USBSerial5writeEh
                0x0000000008004a48       0x16 /tmp/arduino-core-cache/core_stm32duino_STM32F1_genericSTM32F103C_5a4dbace9beb809c21e95eded92a94f6.a(usb_serial.cpp.o)
                0x0000000008004a48                USBSerial::write(unsigned char)
 .text._ZN9USBSerial5writeEPKc
                0x0000000008004a5e       0x1a /tmp/arduino-core-cache/core_stm32duino_STM32F1_genericSTM32F103C_5a4dbace9beb809c21e95eded92a94f6.a(usb_serial.cpp.o)
                0x0000000008004a5e                USBSerial::write(char const*)
 .text._ZN9USBSerial4readEPhm
                0x0000000008004a78       0x1c /tmp/arduino-core-cache/core_stm32duino_STM32F1_genericSTM32F103C_5a4dbace9beb809c21e95eded92a94f6.a(usb_serial.cpp.o)
                0x0000000008004a78                USBSerial::read(unsigned char*, unsigned long)
 .text._ZN9USBSerial5flushEv
                0x0000000008004a94       0x1c /tmp/arduino-core-cache/core_stm32duino_STM32F1_genericSTM32F103C_5a4dbace9beb809c21e95eded92a94f6.a(usb_serial.cpp.o)
                0x0000000008004a94                USBSerial::flush()
 .text.startup._GLOBAL__sub_I__ZN9USBSerial9_hasBegunE
                0x0000000008004ab0        0xc /tmp/arduino-core-cache/core_stm32duino_STM32F1_genericSTM32F103C_5a4dbace9beb809c21e95eded92a94f6.a(usb_serial.cpp.o)
 .text.bkp_init
                0x0000000008004abc       0x18 /tmp/arduino-core-cache/core_stm32duino_STM32F1_genericSTM32F103C_5a4dbace9beb809c21e95eded92a94f6.a(bkp_f1.c.o)
                0x0000000008004abc                bkp_init
 .text.bkp_enable_writes
                0x0000000008004ad4        0xc /tmp/arduino-core-cache/core_stm32duino_STM32F1_genericSTM32F103C_5a4dbace9beb809c21e95eded92a94f6.a(bkp_f1.c.o)
                0x0000000008004ad4                bkp_enable_writes
 .text.bkp_disable_writes
                0x0000000008004ae0        0xc /tmp/arduino-core-cache/core_stm32duino_STM32F1_genericSTM32F103C_5a4dbace9beb809c21e95eded92a94f6.a(bkp_f1.c.o)
                0x0000000008004ae0                bkp_disable_writes
 .text.bkp_write
                0x0000000008004aec       0x16 /tmp/arduino-core-cache/core_stm32duino_STM32F1_genericSTM32F103C_5a4dbace9beb809c21e95eded92a94f6.a(bkp_f1.c.o)
                0x0000000008004aec                bkp_write
 .text.gpio_init
                0x0000000008004b02       0x14 /tmp/arduino-core-cache/core_stm32duino_STM32F1_genericSTM32F103C_5a4dbace9beb809c21e95eded92a94f6.a(gpio.c.o)
                0x0000000008004b02                gpio_init
 .text.i2c_disable_irq
                0x0000000008004b16        0xc /tmp/arduino-core-cache/core_stm32duino_STM32F1_genericSTM32F103C_5a4dbace9beb809c21e95eded92a94f6.a(i2c.c.o)
 *fill*         0x0000000008004b22        0x2 
 .text._i2c_irq_handler
                0x0000000008004b24      0x3d8 /tmp/arduino-core-cache/core_stm32duino_STM32F1_genericSTM32F103C_5a4dbace9beb809c21e95eded92a94f6.a(i2c.c.o)
                0x0000000008004b24                _i2c_irq_handler
 .text._i2c_irq_error_handler
                0x0000000008004efc       0x74 /tmp/arduino-core-cache/core_stm32duino_STM32F1_genericSTM32F103C_5a4dbace9beb809c21e95eded92a94f6.a(i2c.c.o)
                0x0000000008004efc                _i2c_irq_error_handler
 .text.usart_init
                0x0000000008004f70       0x4c /tmp/arduino-core-cache/core_stm32duino_STM32F1_genericSTM32F103C_5a4dbace9beb809c21e95eded92a94f6.a(usart.c.o)
                0x0000000008004f70                usart_init
 .text.usart_enable
                0x0000000008004fbc       0x14 /tmp/arduino-core-cache/core_stm32duino_STM32F1_genericSTM32F103C_5a4dbace9beb809c21e95eded92a94f6.a(usart.c.o)
                0x0000000008004fbc                usart_enable
 .text.usart_tx
                0x0000000008004fd0       0x9c /tmp/arduino-core-cache/core_stm32duino_STM32F1_genericSTM32F103C_5a4dbace9beb809c21e95eded92a94f6.a(usart.c.o)
                0x0000000008004fd0                usart_tx
 .text.atol     0x000000000800506c        0x8 /home/carlosrodrigues/.arduino15/packages/arduino/tools/arm-none-eabi-gcc/4.8.3-2014q1/bin/../lib/gcc/arm-none-eabi/4.8.3/../../../../arm-none-eabi/lib/armv7-m/libc_s.a(lib_a-atol.o)
                0x000000000800506c                atol
 .text.__errno  0x0000000008005074        0xc /home/carlosrodrigues/.arduino15/packages/arduino/tools/arm-none-eabi-gcc/4.8.3-2014q1/bin/../lib/gcc/arm-none-eabi/4.8.3/../../../../arm-none-eabi/lib/armv7-m/libc_s.a(lib_a-errno.o)
                0x0000000008005074                __errno
 .text.__libc_init_array
                0x0000000008005080       0x4c /home/carlosrodrigues/.arduino15/packages/arduino/tools/arm-none-eabi-gcc/4.8.3-2014q1/bin/../lib/gcc/arm-none-eabi/4.8.3/../../../../arm-none-eabi/lib/armv7-m/libc_s.a(lib_a-init.o)
                0x0000000008005080                __libc_init_array
 .text.free     0x00000000080050cc       0x10 /home/carlosrodrigues/.arduino15/packages/arduino/tools/arm-none-eabi-gcc/4.8.3-2014q1/bin/../lib/gcc/arm-none-eabi/4.8.3/../../../../arm-none-eabi/lib/armv7-m/libc_s.a(lib_a-malloc.o)
                0x00000000080050cc                free
 .text.memcpy   0x00000000080050dc       0x12 /home/carlosrodrigues/.arduino15/packages/arduino/tools/arm-none-eabi-gcc/4.8.3-2014q1/bin/../lib/gcc/arm-none-eabi/4.8.3/../../../../arm-none-eabi/lib/armv7-m/libc_s.a(lib_a-memcpy-stub.o)
                0x00000000080050dc                memcpy
 *fill*         0x00000000080050ee        0x2 
 .text._free_r  0x00000000080050f0       0x88 /home/carlosrodrigues/.arduino15/packages/arduino/tools/arm-none-eabi-gcc/4.8.3-2014q1/bin/../lib/gcc/arm-none-eabi/4.8.3/../../../../arm-none-eabi/lib/armv7-m/libc_s.a(lib_a-nano-freer.o)
                0x00000000080050f0                _free_r
 .text._malloc_r
                0x0000000008005178       0xa8 /home/carlosrodrigues/.arduino15/packages/arduino/tools/arm-none-eabi-gcc/4.8.3-2014q1/bin/../lib/gcc/arm-none-eabi/4.8.3/../../../../arm-none-eabi/lib/armv7-m/libc_s.a(lib_a-nano-mallocr.o)
                0x0000000008005178                _malloc_r
 .text.realloc  0x0000000008005220       0x14 /home/carlosrodrigues/.arduino15/packages/arduino/tools/arm-none-eabi-gcc/4.8.3-2014q1/bin/../lib/gcc/arm-none-eabi/4.8.3/../../../../arm-none-eabi/lib/armv7-m/libc_s.a(lib_a-realloc.o)
                0x0000000008005220                realloc
 .text._sbrk_r  0x0000000008005234       0x20 /home/carlosrodrigues/.arduino15/packages/arduino/tools/arm-none-eabi-gcc/4.8.3-2014q1/bin/../lib/gcc/arm-none-eabi/4.8.3/../../../../arm-none-eabi/lib/armv7-m/libc_s.a(lib_a-sbrkr.o)
                0x0000000008005234                _sbrk_r
 .text.strcpy   0x0000000008005254       0x10 /home/carlosrodrigues/.arduino15/packages/arduino/tools/arm-none-eabi-gcc/4.8.3-2014q1/bin/../lib/gcc/arm-none-eabi/4.8.3/../../../../arm-none-eabi/lib/armv7-m/libc_s.a(lib_a-strcpy.o)
                0x0000000008005254                strcpy
 .text.strlen   0x0000000008005264       0x10 /home/carlosrodrigues/.arduino15/packages/arduino/tools/arm-none-eabi-gcc/4.8.3-2014q1/bin/../lib/gcc/arm-none-eabi/4.8.3/../../../../arm-none-eabi/lib/armv7-m/libc_s.a(lib_a-strlen.o)
                0x0000000008005264                strlen
 .text._strtol_r
                0x0000000008005274      0x104 /home/carlosrodrigues/.arduino15/packages/arduino/tools/arm-none-eabi-gcc/4.8.3-2014q1/bin/../lib/gcc/arm-none-eabi/4.8.3/../../../../arm-none-eabi/lib/armv7-m/libc_s.a(lib_a-strtol.o)
                0x0000000008005274                _strtol_r
 .text.strtol   0x0000000008005378       0x1c /home/carlosrodrigues/.arduino15/packages/arduino/tools/arm-none-eabi-gcc/4.8.3-2014q1/bin/../lib/gcc/arm-none-eabi/4.8.3/../../../../arm-none-eabi/lib/armv7-m/libc_s.a(lib_a-strtol.o)
                0x0000000008005378                strtol
 .text._realloc_r
                0x0000000008005394       0x4c /home/carlosrodrigues/.arduino15/packages/arduino/tools/arm-none-eabi-gcc/4.8.3-2014q1/bin/../lib/gcc/arm-none-eabi/4.8.3/../../../../arm-none-eabi/lib/armv7-m/libc_s.a(lib_a-nano-reallocr.o)
                0x0000000008005394                _realloc_r
 .text._malloc_usable_size_r
                0x00000000080053e0       0x12 /home/carlosrodrigues/.arduino15/packages/arduino/tools/arm-none-eabi-gcc/4.8.3-2014q1/bin/../lib/gcc/arm-none-eabi/4.8.3/../../../../arm-none-eabi/lib/armv7-m/libc_s.a(lib_a-nano-msizer.o)
                0x00000000080053e0                _malloc_usable_size_r
 *(.plt)
 *(.gnu.warning)
 *(.glue_7t)
 .glue_7t       0x0000000000000000        0x0 linker stubs
 *(.glue_7)
 .glue_7        0x0000000000000000        0x0 linker stubs
 *(.vfp11_veneer)
 .vfp11_veneer  0x0000000000000000        0x0 linker stubs
 *(.ARM.extab* .gnu.linkonce.armextab.*)
 *(.gcc_except_table)
 *(.eh_frame_hdr)
 *(.eh_frame)
 *fill*         0x00000000080053f2        0x2 
 .eh_frame      0x00000000080053f4        0x0 /home/carlosrodrigues/.arduino15/packages/arduino/tools/arm-none-eabi-gcc/4.8.3-2014q1/bin/../lib/gcc/arm-none-eabi/4.8.3/armv7-m/crtbegin.o
                0x00000000080053f4                . = ALIGN (0x4)
 *(.init)
 .init          0x00000000080053f4        0x4 /home/carlosrodrigues/.arduino15/packages/arduino/tools/arm-none-eabi-gcc/4.8.3-2014q1/bin/../lib/gcc/arm-none-eabi/4.8.3/armv7-m/crti.o
                0x00000000080053f4                _init
 .init          0x00000000080053f8        0x8 /home/carlosrodrigues/.arduino15/packages/arduino/tools/arm-none-eabi-gcc/4.8.3-2014q1/bin/../lib/gcc/arm-none-eabi/4.8.3/armv7-m/crtn.o
                0x0000000008005400                . = ALIGN (0x4)
                0x0000000008005400                __preinit_array_start = .
 *(.preinit_array)
                0x0000000008005400                __preinit_array_end = .
                0x0000000008005400                . = ALIGN (0x4)
                0x0000000008005400                __init_array_start = .
 *(SORT(.init_array.*))
 .init_array.00101
                0x0000000008005400        0x4 /tmp/arduino-core-cache/core_stm32duino_STM32F1_genericSTM32F103C_5a4dbace9beb809c21e95eded92a94f6.a(main.cpp.o)
 *(.init_array)
 .init_array    0x0000000008005404        0x4 /home/carlosrodrigues/.arduino15/packages/arduino/tools/arm-none-eabi-gcc/4.8.3-2014q1/bin/../lib/gcc/arm-none-eabi/4.8.3/armv7-m/crtbegin.o
 .init_array    0x0000000008005408        0x4 /tmp/arduino-sketch-6AC42481E0857626CB9E754AEFD78DE7/sketch/stm32-remote-control-car.ino.cpp.o
 .init_array    0x000000000800540c        0x4 /tmp/arduino-sketch-6AC42481E0857626CB9E754AEFD78DE7/core/board.cpp.o
 .init_array    0x0000000008005410        0x4 /tmp/arduino-core-cache/core_stm32duino_STM32F1_genericSTM32F103C_5a4dbace9beb809c21e95eded92a94f6.a(usb_serial.cpp.o)
                0x0000000008005414                __init_array_end = .
                0x0000000008005414                . = ALIGN (0x4)
 *crtbegin.o(.ctors)
 *(EXCLUDE_FILE(*crtend.o) .ctors)
 *(SORT(.ctors.*))
 *crtend.o(.ctors)
                0x0000000008005414                . = ALIGN (0x4)
 *(.fini)
 .fini          0x0000000008005414        0x4 /home/carlosrodrigues/.arduino15/packages/arduino/tools/arm-none-eabi-gcc/4.8.3-2014q1/bin/../lib/gcc/arm-none-eabi/4.8.3/armv7-m/crti.o
                0x0000000008005414                _fini
 .fini          0x0000000008005418        0x8 /home/carlosrodrigues/.arduino15/packages/arduino/tools/arm-none-eabi-gcc/4.8.3-2014q1/bin/../lib/gcc/arm-none-eabi/4.8.3/armv7-m/crtn.o
                0x0000000008005420                . = ALIGN (0x4)
                0x0000000008005420                __fini_array_start = .
 *(.fini_array)
 .fini_array    0x0000000008005420        0x4 /home/carlosrodrigues/.arduino15/packages/arduino/tools/arm-none-eabi-gcc/4.8.3-2014q1/bin/../lib/gcc/arm-none-eabi/4.8.3/armv7-m/crtbegin.o
 *(SORT(.fini_array.*))
                0x0000000008005424                __fini_array_end = .
 *crtbegin.o(.dtors)
 *(EXCLUDE_FILE(*crtend.o) .dtors)
 *(SORT(.dtors.*))
 *crtend.o(.dtors)

.v4_bx          0x0000000008005424        0x0
 .v4_bx         0x0000000000000000        0x0 linker stubs

.iplt           0x0000000008005424        0x0
 .iplt          0x0000000000000000        0x0 /home/carlosrodrigues/.arduino15/packages/arduino/tools/arm-none-eabi-gcc/4.8.3-2014q1/bin/../lib/gcc/arm-none-eabi/4.8.3/armv7-m/crtbegin.o

.text.align     0x0000000008005424        0x4
                0x0000000008005428                . = ALIGN (0x8)
 *fill*         0x0000000008005424        0x4 
                0x0000000008005428                __text_end__ = .
                0x0000000008005428                __exidx_start = .

.ARM.exidx      0x0000000008005428        0x8
 *(.ARM.exidx* .gnu.linkonce.armexidx.*)
 .ARM.exidx     0x0000000008005428        0x8 /tmp/arduino-sketch-6AC42481E0857626CB9E754AEFD78DE7/core/wirish/start.S.o
                0x0000000008005430                __exidx_end = .

.data           0x0000000020000000      0x4d8 load address 0x0000000008005430
                0x0000000020000000                __data_start__ = .
                0x0000000020000000        0x4 LONG 0x0
                0x0000000020000008                . = ALIGN (0x8)
 *fill*         0x0000000020000004        0x4 
 *(.got.plt)
 *(.got)
 *(.data .data.* .gnu.linkonce.d.*)
 .data.ledPinArrowRight     0x0000000020000008        0x4 /tmp/arduino-sketch-6AC42481E0857626CB9E754AEFD78DE7/sketch/stm32-remote-control-car.ino.cpp.o
                0x0000000020000008                ledPinArrowRight
 .data.ledPinArrowLeft     0x000000002000000c        0x4 /tmp/arduino-sketch-6AC42481E0857626CB9E754AEFD78DE7/sketch/stm32-remote-control-car.ino.cpp.o
                0x000000002000000c                ledPinArrowLeft
 .data._ZN6wirish4privL8pll_dataE
                0x0000000020000010        0x4 /tmp/arduino-sketch-6AC42481E0857626CB9E754AEFD78DE7/core/wirish/boards_setup.cpp.o
 .data._ZN6wirish4priv9w_adc_smpE
                0x0000000020000014        0x1 /tmp/arduino-sketch-6AC42481E0857626CB9E754AEFD78DE7/core/wirish/boards_setup.cpp.o
                0x0000000020000014                wirish::priv::w_adc_smp
 *fill*         0x0000000020000015        0x1 
 .data._ZN6wirish4priv9w_adc_preE
                0x0000000020000016        0x2 /tmp/arduino-sketch-6AC42481E0857626CB9E754AEFD78DE7/core/wirish/boards_setup.cpp.o
                0x0000000020000016                wirish::priv::w_adc_pre
 .data._ZN6wirish4priv15w_board_pll_cfgE
                0x0000000020000018        0x8 /tmp/arduino-sketch-6AC42481E0857626CB9E754AEFD78DE7/core/wirish/boards_setup.cpp.o
                0x0000000020000018                wirish::priv::w_board_pll_cfg
 .data.adc2     0x0000000020000020        0x8 /tmp/arduino-core-cache/core_stm32duino_STM32F1_genericSTM32F103C_5a4dbace9beb809c21e95eded92a94f6.a(adc_f1.c.o)
                0x0000000020000020                adc2
 .data.adc1     0x0000000020000028       0x18 /tmp/arduino-core-cache/core_stm32duino_STM32F1_genericSTM32F103C_5a4dbace9beb809c21e95eded92a94f6.a(adc_f1.c.o)
                0x0000000020000028                adc1
 .data.ADC2     0x0000000020000040        0x4 /tmp/arduino-core-cache/core_stm32duino_STM32F1_genericSTM32F103C_5a4dbace9beb809c21e95eded92a94f6.a(adc_f1.c.o)
                0x0000000020000040                ADC2
 .data.ADC1     0x0000000020000044        0x4 /tmp/arduino-core-cache/core_stm32duino_STM32F1_genericSTM32F103C_5a4dbace9beb809c21e95eded92a94f6.a(adc_f1.c.o)
                0x0000000020000044                ADC1
 .data.dma1     0x0000000020000048       0x40 /tmp/arduino-core-cache/core_stm32duino_STM32F1_genericSTM32F103C_5a4dbace9beb809c21e95eded92a94f6.a(dma_f1.c.o)
 .data.DMA1     0x0000000020000088        0x4 /tmp/arduino-core-cache/core_stm32duino_STM32F1_genericSTM32F103C_5a4dbace9beb809c21e95eded92a94f6.a(dma_f1.c.o)
                0x0000000020000088                DMA1
 .data.gpioa    0x000000002000008c        0x8 /tmp/arduino-core-cache/core_stm32duino_STM32F1_genericSTM32F103C_5a4dbace9beb809c21e95eded92a94f6.a(gpio_f1.c.o)
                0x000000002000008c                gpioa
 .data.gpiob    0x0000000020000094        0x8 /tmp/arduino-core-cache/core_stm32duino_STM32F1_genericSTM32F103C_5a4dbace9beb809c21e95eded92a94f6.a(gpio_f1.c.o)
                0x0000000020000094                gpiob
 .data.gpioc    0x000000002000009c        0x8 /tmp/arduino-core-cache/core_stm32duino_STM32F1_genericSTM32F103C_5a4dbace9beb809c21e95eded92a94f6.a(gpio_f1.c.o)
                0x000000002000009c                gpioc
 .data.gpiod    0x00000000200000a4        0x8 /tmp/arduino-core-cache/core_stm32duino_STM32F1_genericSTM32F103C_5a4dbace9beb809c21e95eded92a94f6.a(gpio_f1.c.o)
                0x00000000200000a4                gpiod
 .data.i2c1     0x00000000200000ac       0x38 /tmp/arduino-core-cache/core_stm32duino_STM32F1_genericSTM32F103C_5a4dbace9beb809c21e95eded92a94f6.a(i2c_f1.c.o)
 .data.i2c2     0x00000000200000e4       0x38 /tmp/arduino-core-cache/core_stm32duino_STM32F1_genericSTM32F103C_5a4dbace9beb809c21e95eded92a94f6.a(i2c_f1.c.o)
 .data.enable_regs.4411
                0x000000002000011c        0xc /tmp/arduino-core-cache/core_stm32duino_STM32F1_genericSTM32F103C_5a4dbace9beb809c21e95eded92a94f6.a(rcc_f1.c.o)
 .data.reset_regs.4415
                0x0000000020000128        0x8 /tmp/arduino-core-cache/core_stm32duino_STM32F1_genericSTM32F103C_5a4dbace9beb809c21e95eded92a94f6.a(rcc_f1.c.o)
 .data.enable_regs.4424
                0x0000000020000130        0xc /tmp/arduino-core-cache/core_stm32duino_STM32F1_genericSTM32F103C_5a4dbace9beb809c21e95eded92a94f6.a(rcc_f1.c.o)
 .data.timer3   0x000000002000013c       0x24 /tmp/arduino-core-cache/core_stm32duino_STM32F1_genericSTM32F103C_5a4dbace9beb809c21e95eded92a94f6.a(timer.c.o)
                0x000000002000013c                timer3
 .data.timer4   0x0000000020000160       0x24 /tmp/arduino-core-cache/core_stm32duino_STM32F1_genericSTM32F103C_5a4dbace9beb809c21e95eded92a94f6.a(timer.c.o)
                0x0000000020000160                timer4
 .data.timer1   0x0000000020000184       0x28 /tmp/arduino-core-cache/core_stm32duino_STM32F1_genericSTM32F103C_5a4dbace9beb809c21e95eded92a94f6.a(timer.c.o)
                0x0000000020000184                timer1
 .data.timer2   0x00000000200001ac       0x24 /tmp/arduino-core-cache/core_stm32duino_STM32F1_genericSTM32F103C_5a4dbace9beb809c21e95eded92a94f6.a(timer.c.o)
                0x00000000200001ac                timer2
 .data.USART1   0x00000000200001d0        0x4 /tmp/arduino-core-cache/core_stm32duino_STM32F1_genericSTM32F103C_5a4dbace9beb809c21e95eded92a94f6.a(usart_f1.c.o)
                0x00000000200001d0                USART1
 .data.USART2   0x00000000200001d4        0x4 /tmp/arduino-core-cache/core_stm32duino_STM32F1_genericSTM32F103C_5a4dbace9beb809c21e95eded92a94f6.a(usart_f1.c.o)
                0x00000000200001d4                USART2
 .data.USART3   0x00000000200001d8        0x4 /tmp/arduino-core-cache/core_stm32duino_STM32F1_genericSTM32F103C_5a4dbace9beb809c21e95eded92a94f6.a(usart_f1.c.o)
                0x00000000200001d8                USART3
 .data.usart1   0x00000000200001dc       0x94 /tmp/arduino-core-cache/core_stm32duino_STM32F1_genericSTM32F103C_5a4dbace9beb809c21e95eded92a94f6.a(usart_f1.c.o)
 .data.usart2   0x0000000020000270       0x94 /tmp/arduino-core-cache/core_stm32duino_STM32F1_genericSTM32F103C_5a4dbace9beb809c21e95eded92a94f6.a(usart_f1.c.o)
 .data.usart3   0x0000000020000304       0x94 /tmp/arduino-core-cache/core_stm32duino_STM32F1_genericSTM32F103C_5a4dbace9beb809c21e95eded92a94f6.a(usart_f1.c.o)
 .data.USBLIB   0x0000000020000398        0x4 /tmp/arduino-core-cache/core_stm32duino_STM32F1_genericSTM32F103C_5a4dbace9beb809c21e95eded92a94f6.a(usb.c.o)
                0x0000000020000398                USBLIB
 .data.usblib   0x000000002000039c       0x10 /tmp/arduino-core-cache/core_stm32duino_STM32F1_genericSTM32F103C_5a4dbace9beb809c21e95eded92a94f6.a(usb.c.o)
 .data.Config_Descriptor
                0x00000000200003ac        0x8 /tmp/arduino-core-cache/core_stm32duino_STM32F1_genericSTM32F103C_5a4dbace9beb809c21e95eded92a94f6.a(usb_cdcacm.c.o)
 .data.Device_Property
                0x00000000200003b4       0x30 /tmp/arduino-core-cache/core_stm32duino_STM32F1_genericSTM32F103C_5a4dbace9beb809c21e95eded92a94f6.a(usb_cdcacm.c.o)
                0x00000000200003b4                Device_Property
 .data.ep_int_in
                0x00000000200003e4       0x1c /tmp/arduino-core-cache/core_stm32duino_STM32F1_genericSTM32F103C_5a4dbace9beb809c21e95eded92a94f6.a(usb_cdcacm.c.o)
 .data.String_Descriptor
                0x0000000020000400       0x18 /tmp/arduino-core-cache/core_stm32duino_STM32F1_genericSTM32F103C_5a4dbace9beb809c21e95eded92a94f6.a(usb_cdcacm.c.o)
 .data.ep_int_out
                0x0000000020000418       0x1c /tmp/arduino-core-cache/core_stm32duino_STM32F1_genericSTM32F103C_5a4dbace9beb809c21e95eded92a94f6.a(usb_cdcacm.c.o)
 .data.line_coding
                0x0000000020000434        0x7 /tmp/arduino-core-cache/core_stm32duino_STM32F1_genericSTM32F103C_5a4dbace9beb809c21e95eded92a94f6.a(usb_cdcacm.c.o)
 *fill*         0x000000002000043b        0x1 
 .data.User_Standard_Requests
                0x000000002000043c       0x24 /tmp/arduino-core-cache/core_stm32duino_STM32F1_genericSTM32F103C_5a4dbace9beb809c21e95eded92a94f6.a(usb_cdcacm.c.o)
                0x000000002000043c                User_Standard_Requests
 .data.Device_Descriptor
                0x0000000020000460        0x8 /tmp/arduino-core-cache/core_stm32duino_STM32F1_genericSTM32F103C_5a4dbace9beb809c21e95eded92a94f6.a(usb_cdcacm.c.o)
 .data.Device_Table
                0x0000000020000468        0x2 /tmp/arduino-core-cache/core_stm32duino_STM32F1_genericSTM32F103C_5a4dbace9beb809c21e95eded92a94f6.a(usb_cdcacm.c.o)
                0x0000000020000468                Device_Table
 *fill*         0x000000002000046a        0x2 
 .data.impure_data
                0x000000002000046c       0x60 /home/carlosrodrigues/.arduino15/packages/arduino/tools/arm-none-eabi-gcc/4.8.3-2014q1/bin/../lib/gcc/arm-none-eabi/4.8.3/../../../../arm-none-eabi/lib/armv7-m/libc_s.a(lib_a-impure.o)
 .data._impure_ptr
                0x00000000200004cc        0x4 /home/carlosrodrigues/.arduino15/packages/arduino/tools/arm-none-eabi-gcc/4.8.3-2014q1/bin/../lib/gcc/arm-none-eabi/4.8.3/../../../../arm-none-eabi/lib/armv7-m/libc_s.a(lib_a-impure.o)
                0x00000000200004cc                _impure_ptr
 .data.__ctype_ptr__
                0x00000000200004d0        0x4 /home/carlosrodrigues/.arduino15/packages/arduino/tools/arm-none-eabi-gcc/4.8.3-2014q1/bin/../lib/gcc/arm-none-eabi/4.8.3/../../../../arm-none-eabi/lib/armv7-m/libc_s.a(lib_a-ctype_.o)
                0x00000000200004d0                __ctype_ptr__
                0x00000000200004d8                . = ALIGN (0x8)
 *fill*         0x00000000200004d4        0x4 
                0x00000000200004d8                __data_end__ = .

.jcr            0x00000000200004d8        0x0 load address 0x0000000008005908
 .jcr           0x00000000200004d8        0x0 /home/carlosrodrigues/.arduino15/packages/arduino/tools/arm-none-eabi-gcc/4.8.3-2014q1/bin/../lib/gcc/arm-none-eabi/4.8.3/armv7-m/crtbegin.o

.igot.plt       0x00000000200004d8        0x0 load address 0x0000000008005908
 .igot.plt      0x0000000000000000        0x0 /home/carlosrodrigues/.arduino15/packages/arduino/tools/arm-none-eabi-gcc/4.8.3-2014q1/bin/../lib/gcc/arm-none-eabi/4.8.3/armv7-m/crtbegin.o

.rodata         0x0000000008005908      0x548
 *(.rodata .rodata.* .gnu.linkonce.r.*)
 .rodata._ZTVN4jled26BreatheBrightnessEvaluatorE
                0x0000000008005908       0x18 /tmp/arduino-sketch-6AC42481E0857626CB9E754AEFD78DE7/sketch/stm32-remote-control-car.ino.cpp.o
                0x0000000008005908                vtable for jled::BreatheBrightnessEvaluator
 .rodata.str1.1
                0x0000000008005920       0xad /tmp/arduino-sketch-6AC42481E0857626CB9E754AEFD78DE7/sketch/stm32-remote-control-car.ino.cpp.o
                                         0xae (size before relaxing)
 .rodata._ZN4jledL12kFadeOnTableE
                0x00000000080059cd        0x9 /tmp/arduino-sketch-6AC42481E0857626CB9E754AEFD78DE7/libraries/JLed/jled_base.cpp.o
 *fill*         0x00000000080059d6        0x2 
 .rodata.PIN_MAP
                0x00000000080059d8      0x230 /tmp/arduino-sketch-6AC42481E0857626CB9E754AEFD78DE7/core/board.cpp.o
                0x00000000080059d8                PIN_MAP
 .rodata.GPIOC  0x0000000008005c08        0x4 /tmp/arduino-core-cache/core_stm32duino_STM32F1_genericSTM32F103C_5a4dbace9beb809c21e95eded92a94f6.a(gpio_f1.c.o)
                0x0000000008005c08                GPIOC
 .rodata.rcc_dev_table
                0x0000000008005c0c       0x5c /tmp/arduino-core-cache/core_stm32duino_STM32F1_genericSTM32F103C_5a4dbace9beb809c21e95eded92a94f6.a(rcc_f1.c.o)
                0x0000000008005c0c                rcc_dev_table
 .rodata.masks.4420
                0x0000000008005c68       0x14 /tmp/arduino-core-cache/core_stm32duino_STM32F1_genericSTM32F103C_5a4dbace9beb809c21e95eded92a94f6.a(rcc_f1.c.o)
 .rodata.usbVcomDescriptor_iProduct
                0x0000000008005c7c        0xc /tmp/arduino-core-cache/core_stm32duino_STM32F1_genericSTM32F103C_5a4dbace9beb809c21e95eded92a94f6.a(usb_cdcacm.c.o)
 .rodata.usbVcomDescriptor_iManufacturer
                0x0000000008005c88       0x12 /tmp/arduino-core-cache/core_stm32duino_STM32F1_genericSTM32F103C_5a4dbace9beb809c21e95eded92a94f6.a(usb_cdcacm.c.o)
 .rodata.usbVcomDescriptor_Device
                0x0000000008005c9a       0x12 /tmp/arduino-core-cache/core_stm32duino_STM32F1_genericSTM32F103C_5a4dbace9beb809c21e95eded92a94f6.a(usb_cdcacm.c.o)
 .rodata.usbVcomDescriptor_Config
                0x0000000008005cac       0x43 /tmp/arduino-core-cache/core_stm32duino_STM32F1_genericSTM32F103C_5a4dbace9beb809c21e95eded92a94f6.a(usb_cdcacm.c.o)
 .rodata.usbVcomDescriptor_LangID
                0x0000000008005cef        0x4 /tmp/arduino-core-cache/core_stm32duino_STM32F1_genericSTM32F103C_5a4dbace9beb809c21e95eded92a94f6.a(usb_cdcacm.c.o)
 *fill*         0x0000000008005cf3        0x5 
 .rodata._ZTV14HardwareSerial
                0x0000000008005cf8       0x28 /tmp/arduino-core-cache/core_stm32duino_STM32F1_genericSTM32F103C_5a4dbace9beb809c21e95eded92a94f6.a(HardwareSerial.cpp.o)
                0x0000000008005cf8                vtable for HardwareSerial
 .rodata._ZTV9USBSerial
                0x0000000008005d20       0x28 /tmp/arduino-core-cache/core_stm32duino_STM32F1_genericSTM32F103C_5a4dbace9beb809c21e95eded92a94f6.a(usb_serial.cpp.o)
                0x0000000008005d20                vtable for USBSerial
 .rodata.str1.1
                0x0000000008005d48        0x2 /home/carlosrodrigues/.arduino15/packages/arduino/tools/arm-none-eabi-gcc/4.8.3-2014q1/bin/../lib/gcc/arm-none-eabi/4.8.3/../../../../arm-none-eabi/lib/armv7-m/libc_s.a(lib_a-impure.o)
 .rodata._ctype_
                0x0000000008005d4a      0x101 /home/carlosrodrigues/.arduino15/packages/arduino/tools/arm-none-eabi-gcc/4.8.3-2014q1/bin/../lib/gcc/arm-none-eabi/4.8.3/../../../../arm-none-eabi/lib/armv7-m/libc_s.a(lib_a-ctype_.o)
                0x0000000008005d4a                _ctype_
 *(.USER_FLASH)
                0x0000000008005e4c                . = ALIGN (0x4)
 *fill*         0x0000000008005e4b        0x1 
                0x0000000008005e4c                _lm_rom_img_cfgp = .
                0x0000000008005e4c        0x4 LONG 0x8005430 LOADADDR (.data)
                0x0000000020000910                _lm_heap_start = DEFINED (_lm_heap_start)?_lm_heap_start:_end
                0x0000000020005000                _lm_heap_end = DEFINED (_lm_heap_end)?_lm_heap_end:__msp_init

.rel.dyn        0x0000000008005e50        0x0
 .rel.iplt      0x0000000000000000        0x0 /home/carlosrodrigues/.arduino15/packages/arduino/tools/arm-none-eabi-gcc/4.8.3-2014q1/bin/../lib/gcc/arm-none-eabi/4.8.3/armv7-m/crtbegin.o

.bss            0x00000000200004d8      0x438
                0x00000000200004d8                . = ALIGN (0x8)
                0x00000000200004d8                __bss_start__ = .
 *(.bss .bss.* .gnu.linkonce.b.*)
 .bss           0x00000000200004d8       0x1c /home/carlosrodrigues/.arduino15/packages/arduino/tools/arm-none-eabi-gcc/4.8.3-2014q1/bin/../lib/gcc/arm-none-eabi/4.8.3/armv7-m/crtbegin.o
 .bss.state     0x00000000200004f4        0x2 /tmp/arduino-sketch-6AC42481E0857626CB9E754AEFD78DE7/sketch/stm32-remote-control-car.ino.cpp.o
                0x00000000200004f4                state
 *fill*         0x00000000200004f6        0x2 
 .bss.jledArrowRight    0x00000000200004f8       0x28 /tmp/arduino-sketch-6AC42481E0857626CB9E754AEFD78DE7/sketch/stm32-remote-control-car.ino.cpp.o
                0x00000000200004f8                jledArrowRight
 .bss.gamepad   0x0000000020000520       0x28 /tmp/arduino-sketch-6AC42481E0857626CB9E754AEFD78DE7/sketch/stm32-remote-control-car.ino.cpp.o
                0x0000000020000520                gamepad
 .bss.jledArrowLeft    0x0000000020000548       0x28 /tmp/arduino-sketch-6AC42481E0857626CB9E754AEFD78DE7/sketch/stm32-remote-control-car.ino.cpp.o
                0x0000000020000548                jledArrowLeft
 .bss.pbreak.4444
                0x0000000020000570        0x4 /tmp/arduino-sketch-6AC42481E0857626CB9E754AEFD78DE7/core/wirish/syscalls.c.o
 .bss.Serial1   0x0000000020000574       0x18 /tmp/arduino-sketch-6AC42481E0857626CB9E754AEFD78DE7/core/board.cpp.o
                0x0000000020000574                Serial1
 .bss.Serial2   0x000000002000058c       0x18 /tmp/arduino-sketch-6AC42481E0857626CB9E754AEFD78DE7/core/board.cpp.o
                0x000000002000058c                Serial2
 .bss.Serial3   0x00000000200005a4       0x18 /tmp/arduino-sketch-6AC42481E0857626CB9E754AEFD78DE7/core/board.cpp.o
                0x00000000200005a4                Serial3
 .bss.exti_channels
                0x00000000200005bc       0x80 /tmp/arduino-core-cache/core_stm32duino_STM32F1_genericSTM32F103C_5a4dbace9beb809c21e95eded92a94f6.a(exti.c.o)
                0x00000000200005bc                exti_channels
 .bss.systick_user_callback
                0x000000002000063c        0x4 /tmp/arduino-core-cache/core_stm32duino_STM32F1_genericSTM32F103C_5a4dbace9beb809c21e95eded92a94f6.a(systick.c.o)
 .bss.usart1_wb
                0x0000000020000640        0xc /tmp/arduino-core-cache/core_stm32duino_STM32F1_genericSTM32F103C_5a4dbace9beb809c21e95eded92a94f6.a(usart_f1.c.o)
 .bss.usart1_rb
                0x000000002000064c        0xc /tmp/arduino-core-cache/core_stm32duino_STM32F1_genericSTM32F103C_5a4dbace9beb809c21e95eded92a94f6.a(usart_f1.c.o)
 .bss.usart2_rb
                0x0000000020000658        0xc /tmp/arduino-core-cache/core_stm32duino_STM32F1_genericSTM32F103C_5a4dbace9beb809c21e95eded92a94f6.a(usart_f1.c.o)
 .bss.usart3_rb
                0x0000000020000664        0xc /tmp/arduino-core-cache/core_stm32duino_STM32F1_genericSTM32F103C_5a4dbace9beb809c21e95eded92a94f6.a(usart_f1.c.o)
 .bss.usart2_wb
                0x0000000020000670        0xc /tmp/arduino-core-cache/core_stm32duino_STM32F1_genericSTM32F103C_5a4dbace9beb809c21e95eded92a94f6.a(usart_f1.c.o)
 .bss.usart3_wb
                0x000000002000067c        0xc /tmp/arduino-core-cache/core_stm32duino_STM32F1_genericSTM32F103C_5a4dbace9beb809c21e95eded92a94f6.a(usart_f1.c.o)
 .bss.line_dtr_rts
                0x0000000020000688        0x1 /tmp/arduino-core-cache/core_stm32duino_STM32F1_genericSTM32F103C_5a4dbace9beb809c21e95eded92a94f6.a(usb_cdcacm.c.o)
 .bss.vcomBufferTx
                0x0000000020000689      0x100 /tmp/arduino-core-cache/core_stm32duino_STM32F1_genericSTM32F103C_5a4dbace9beb809c21e95eded92a94f6.a(usb_cdcacm.c.o)
 *fill*         0x0000000020000789        0x3 
 .bss.tx_head   0x000000002000078c        0x4 /tmp/arduino-core-cache/core_stm32duino_STM32F1_genericSTM32F103C_5a4dbace9beb809c21e95eded92a94f6.a(usb_cdcacm.c.o)
 .bss.rx_hook   0x0000000020000790        0x4 /tmp/arduino-core-cache/core_stm32duino_STM32F1_genericSTM32F103C_5a4dbace9beb809c21e95eded92a94f6.a(usb_cdcacm.c.o)
 .bss.vcomBufferRx
                0x0000000020000794      0x100 /tmp/arduino-core-cache/core_stm32duino_STM32F1_genericSTM32F103C_5a4dbace9beb809c21e95eded92a94f6.a(usb_cdcacm.c.o)
 .bss.transmitting
                0x0000000020000894        0x1 /tmp/arduino-core-cache/core_stm32duino_STM32F1_genericSTM32F103C_5a4dbace9beb809c21e95eded92a94f6.a(usb_cdcacm.c.o)
 *fill*         0x0000000020000895        0x3 
 .bss.rx_tail   0x0000000020000898        0x4 /tmp/arduino-core-cache/core_stm32duino_STM32F1_genericSTM32F103C_5a4dbace9beb809c21e95eded92a94f6.a(usb_cdcacm.c.o)
 .bss.iface_setup_hook
                0x000000002000089c        0x4 /tmp/arduino-core-cache/core_stm32duino_STM32F1_genericSTM32F103C_5a4dbace9beb809c21e95eded92a94f6.a(usb_cdcacm.c.o)
 .bss.rx_head   0x00000000200008a0        0x4 /tmp/arduino-core-cache/core_stm32duino_STM32F1_genericSTM32F103C_5a4dbace9beb809c21e95eded92a94f6.a(usb_cdcacm.c.o)
 .bss.tx_tail   0x00000000200008a4        0x4 /tmp/arduino-core-cache/core_stm32duino_STM32F1_genericSTM32F103C_5a4dbace9beb809c21e95eded92a94f6.a(usb_cdcacm.c.o)
 .bss.Data_Mul_MaxPacketSize
                0x00000000200008a8        0x1 /tmp/arduino-core-cache/core_stm32duino_STM32F1_genericSTM32F103C_5a4dbace9beb809c21e95eded92a94f6.a(usb_core.c.o)
                0x00000000200008a8                Data_Mul_MaxPacketSize
 .bss._ZN9USBSerial9_hasBegunE
                0x00000000200008a9        0x1 /tmp/arduino-core-cache/core_stm32duino_STM32F1_genericSTM32F103C_5a4dbace9beb809c21e95eded92a94f6.a(usb_serial.cpp.o)
                0x00000000200008a9                USBSerial::_hasBegun
 *fill*         0x00000000200008aa        0x2 
 .bss.Serial    0x00000000200008ac       0x10 /tmp/arduino-core-cache/core_stm32duino_STM32F1_genericSTM32F103C_5a4dbace9beb809c21e95eded92a94f6.a(usb_serial.cpp.o)
                0x00000000200008ac                Serial
 .bss._ZL11reset_state
                0x00000000200008bc        0x1 /tmp/arduino-core-cache/core_stm32duino_STM32F1_genericSTM32F103C_5a4dbace9beb809c21e95eded92a94f6.a(usb_serial.cpp.o)
 .bss._ZN9USBSerial11_isBlockingE
                0x00000000200008bd        0x1 /tmp/arduino-core-cache/core_stm32duino_STM32F1_genericSTM32F103C_5a4dbace9beb809c21e95eded92a94f6.a(usb_serial.cpp.o)
                0x00000000200008bd                USBSerial::_isBlocking
 *fill*         0x00000000200008be        0x2 
 .bss.__malloc_sbrk_start
                0x00000000200008c0        0x4 /home/carlosrodrigues/.arduino15/packages/arduino/tools/arm-none-eabi-gcc/4.8.3-2014q1/bin/../lib/gcc/arm-none-eabi/4.8.3/../../../../arm-none-eabi/lib/armv7-m/libc_s.a(lib_a-nano-mallocr.o)
                0x00000000200008c0                __malloc_sbrk_start
 .bss.__malloc_free_list
                0x00000000200008c4        0x4 /home/carlosrodrigues/.arduino15/packages/arduino/tools/arm-none-eabi-gcc/4.8.3-2014q1/bin/../lib/gcc/arm-none-eabi/4.8.3/../../../../arm-none-eabi/lib/armv7-m/libc_s.a(lib_a-nano-mallocr.o)
                0x00000000200008c4                __malloc_free_list
 *(COMMON)
 COMMON         0x00000000200008c8        0x4 /tmp/arduino-core-cache/core_stm32duino_STM32F1_genericSTM32F103C_5a4dbace9beb809c21e95eded92a94f6.a(systick.c.o)
                0x00000000200008c8                systick_uptime_millis
 COMMON         0x00000000200008cc        0x6 /tmp/arduino-core-cache/core_stm32duino_STM32F1_genericSTM32F103C_5a4dbace9beb809c21e95eded92a94f6.a(usb.c.o)
                0x00000000200008cc                SaveRState
                0x00000000200008ce                SaveTState
                0x00000000200008d0                ResumeS
 COMMON         0x00000000200008d2        0x2 /tmp/arduino-core-cache/core_stm32duino_STM32F1_genericSTM32F103C_5a4dbace9beb809c21e95eded92a94f6.a(usb_core.c.o)
                0x00000000200008d2                StatusInfo
 COMMON         0x00000000200008d4       0x32 /tmp/arduino-core-cache/core_stm32duino_STM32F1_genericSTM32F103C_5a4dbace9beb809c21e95eded92a94f6.a(usb_init.c.o)
                0x00000000200008d4                SaveState
                0x00000000200008d8                pProperty
                0x00000000200008dc                EPindex
                0x00000000200008e0                Device_Info
                0x00000000200008fc                pUser_Standard_Requests
                0x0000000020000900                pInformation
                0x0000000020000904                wInterrupt_Mask
 *fill*         0x0000000020000906        0x2 
 COMMON         0x0000000020000908        0x4 /home/carlosrodrigues/.arduino15/packages/arduino/tools/arm-none-eabi-gcc/4.8.3-2014q1/bin/../lib/gcc/arm-none-eabi/4.8.3/../../../../arm-none-eabi/lib/armv7-m/libc_s.a(lib_a-reent.o)
                0x0000000020000908                errno
                0x0000000020000910                . = ALIGN (0x8)
 *fill*         0x000000002000090c        0x4 
                0x0000000020000910                __bss_end__ = .
                0x0000000020000910                _end = __bss_end__

.stab
 *(.stab)

.stabstr
 *(.stabstr)

.debug
 *(.debug)

.line
 *(.line)

.debug_srcinfo
 *(.debug_srcinfo)

.debug_sfnames
 *(.debug_sfnames)

.debug_aranges  0x0000000000000000     0x13c0
 *(.debug_aranges)
 .debug_aranges
                0x0000000000000000       0x18 /tmp/arduino-sketch-6AC42481E0857626CB9E754AEFD78DE7/sketch/gamepad.cpp.o
 .debug_aranges
                0x0000000000000018       0x98 /tmp/arduino-sketch-6AC42481E0857626CB9E754AEFD78DE7/sketch/stm32-remote-control-car.ino.cpp.o
 .debug_aranges
                0x00000000000000b0       0x38 /tmp/arduino-sketch-6AC42481E0857626CB9E754AEFD78DE7/libraries/JLed/jled_base.cpp.o
 .debug_aranges
                0x00000000000000e8       0x20 /tmp/arduino-sketch-6AC42481E0857626CB9E754AEFD78DE7/core/wirish/start.S.o
 .debug_aranges
                0x0000000000000108       0x20 /tmp/arduino-sketch-6AC42481E0857626CB9E754AEFD78DE7/core/wirish/start_c.c.o
 .debug_aranges
                0x0000000000000128       0x88 /tmp/arduino-sketch-6AC42481E0857626CB9E754AEFD78DE7/core/wirish/syscalls.c.o
 .debug_aranges
                0x00000000000001b0       0x28 /tmp/arduino-sketch-6AC42481E0857626CB9E754AEFD78DE7/core/board.cpp.o
 .debug_aranges
                0x00000000000001d8       0x40 /tmp/arduino-sketch-6AC42481E0857626CB9E754AEFD78DE7/core/wirish/boards.cpp.o
 .debug_aranges
                0x0000000000000218       0x40 /tmp/arduino-sketch-6AC42481E0857626CB9E754AEFD78DE7/core/wirish/boards_setup.cpp.o
 .debug_aranges
                0x0000000000000258       0x20 /tmp/arduino-core-cache/core_stm32duino_STM32F1_genericSTM32F103C_5a4dbace9beb809c21e95eded92a94f6.a(exc.S.o)
 .debug_aranges
                0x0000000000000278       0x20 /tmp/arduino-core-cache/core_stm32duino_STM32F1_genericSTM32F103C_5a4dbace9beb809c21e95eded92a94f6.a(isrs.S.o)
 .debug_aranges
                0x0000000000000298       0x38 /tmp/arduino-core-cache/core_stm32duino_STM32F1_genericSTM32F103C_5a4dbace9beb809c21e95eded92a94f6.a(adc.c.o)
 .debug_aranges
                0x00000000000002d0       0x58 /tmp/arduino-core-cache/core_stm32duino_STM32F1_genericSTM32F103C_5a4dbace9beb809c21e95eded92a94f6.a(adc_f1.c.o)
 .debug_aranges
                0x0000000000000328       0xb0 /tmp/arduino-core-cache/core_stm32duino_STM32F1_genericSTM32F103C_5a4dbace9beb809c21e95eded92a94f6.a(dma_f1.c.o)
 .debug_aranges
                0x00000000000003d8       0x80 /tmp/arduino-core-cache/core_stm32duino_STM32F1_genericSTM32F103C_5a4dbace9beb809c21e95eded92a94f6.a(exti.c.o)
 .debug_aranges
                0x0000000000000458       0x20 /tmp/arduino-core-cache/core_stm32duino_STM32F1_genericSTM32F103C_5a4dbace9beb809c21e95eded92a94f6.a(exti_f1.c.o)
 .debug_aranges
                0x0000000000000478       0x20 /tmp/arduino-core-cache/core_stm32duino_STM32F1_genericSTM32F103C_5a4dbace9beb809c21e95eded92a94f6.a(flash.c.o)
 .debug_aranges
                0x0000000000000498       0x48 /tmp/arduino-core-cache/core_stm32duino_STM32F1_genericSTM32F103C_5a4dbace9beb809c21e95eded92a94f6.a(gpio_f1.c.o)
 .debug_aranges
                0x00000000000004e0       0x50 /tmp/arduino-core-cache/core_stm32duino_STM32F1_genericSTM32F103C_5a4dbace9beb809c21e95eded92a94f6.a(i2c_f1.c.o)
 .debug_aranges
                0x0000000000000530       0x38 /tmp/arduino-core-cache/core_stm32duino_STM32F1_genericSTM32F103C_5a4dbace9beb809c21e95eded92a94f6.a(nvic.c.o)
 .debug_aranges
                0x0000000000000568       0x48 /tmp/arduino-core-cache/core_stm32duino_STM32F1_genericSTM32F103C_5a4dbace9beb809c21e95eded92a94f6.a(rcc.c.o)
 .debug_aranges
                0x00000000000005b0       0x48 /tmp/arduino-core-cache/core_stm32duino_STM32F1_genericSTM32F103C_5a4dbace9beb809c21e95eded92a94f6.a(rcc_f1.c.o)
 .debug_aranges
                0x00000000000005f8       0x40 /tmp/arduino-core-cache/core_stm32duino_STM32F1_genericSTM32F103C_5a4dbace9beb809c21e95eded92a94f6.a(systick.c.o)
 .debug_aranges
                0x0000000000000638       0xb0 /tmp/arduino-core-cache/core_stm32duino_STM32F1_genericSTM32F103C_5a4dbace9beb809c21e95eded92a94f6.a(timer.c.o)
 .debug_aranges
                0x00000000000006e8       0x50 /tmp/arduino-core-cache/core_stm32duino_STM32F1_genericSTM32F103C_5a4dbace9beb809c21e95eded92a94f6.a(usart_f1.c.o)
 .debug_aranges
                0x0000000000000738       0x20 /tmp/arduino-core-cache/core_stm32duino_STM32F1_genericSTM32F103C_5a4dbace9beb809c21e95eded92a94f6.a(usart_private.c.o)
 .debug_aranges
                0x0000000000000758       0x38 /tmp/arduino-core-cache/core_stm32duino_STM32F1_genericSTM32F103C_5a4dbace9beb809c21e95eded92a94f6.a(usb.c.o)
 .debug_aranges
                0x0000000000000790      0x128 /tmp/arduino-core-cache/core_stm32duino_STM32F1_genericSTM32F103C_5a4dbace9beb809c21e95eded92a94f6.a(usb_cdcacm.c.o)
 .debug_aranges